Archive member included to satisfy reference by file (symbol)

.\CortexM3\ARM_GCC_541\Debug\Temperature-Control.a(CyLib.o)
                              .\CortexM3\ARM_GCC_541\Debug\Cm3Start.o (CyHalt)
.\CortexM3\ARM_GCC_541\Debug\Temperature-Control.a(cyPm.o)
                              .\CortexM3\ARM_GCC_541\Debug\Temperature-Control.a(CyLib.o) (CyPmReadStatus)
.\CortexM3\ARM_GCC_541\Debug\Temperature-Control.a(PWM_Power.o)
                              .\CortexM3\ARM_GCC_541\Debug\main.o (PWM_Power_WriteCompare)
.\CortexM3\ARM_GCC_541\Debug\Temperature-Control.a(UART_1.o)
                              .\CortexM3\ARM_GCC_541\Debug\main.o (UART_1_Start)
.\CortexM3\ARM_GCC_541\Debug\Temperature-Control.a(isr_uart_rx.o)
                              .\CortexM3\ARM_GCC_541\Debug\main.o (isr_uart_rx_StartEx)
.\CortexM3\ARM_GCC_541\Debug\Temperature-Control.a(UART_1_IntClock.o)
                              .\CortexM3\ARM_GCC_541\Debug\Temperature-Control.a(UART_1.o) (UART_1_IntClock_Start)
.\CortexM3\ARM_GCC_541\Debug\Temperature-Control.a(I2C.o)
                              .\CortexM3\ARM_GCC_541\Debug\main.o (I2C_Start)
.\CortexM3\ARM_GCC_541\Debug\Temperature-Control.a(I2C_INT.o)
                              .\CortexM3\ARM_GCC_541\Debug\Temperature-Control.a(I2C.o) (I2C_ISR)
.\CortexM3\ARM_GCC_541\Debug\Temperature-Control.a(I2C_MASTER.o)
                              .\CortexM3\ARM_GCC_541\Debug\Temperature-Control.a(I2C.o) (I2C_mstrStatus)
.\CortexM3\ARM_GCC_541\Debug\Temperature-Control.a(CyBootAsmGnu.o)
                              .\CortexM3\ARM_GCC_541\Debug\cyfitter_cfg.o (CyDelayCycles)
.\CortexM3\ARM_GCC_541\Debug\Temperature-Control.a(CyFlash.o)
                              .\CortexM3\ARM_GCC_541\Debug\Temperature-Control.a(cyPm.o) (CyFlash_SetWaitCycles)
.\CortexM3\ARM_GCC_541\Debug\Temperature-Control.a(CySpc.o)
                              .\CortexM3\ARM_GCC_541\Debug\Temperature-Control.a(CyFlash.o) (CySpcStart)
c:/program files (x86)/cypress/psoc creator/4.2/psoc creator/import/gnu/arm/5.4.1/bin/../lib/gcc/arm-none-eabi/5.4.1/armv7-m\libgcc.a(_arm_addsubdf3.o)
                              .\CortexM3\ARM_GCC_541\Debug\main.o (__aeabi_f2d)
c:/program files (x86)/cypress/psoc creator/4.2/psoc creator/import/gnu/arm/5.4.1/bin/../lib/gcc/arm-none-eabi/5.4.1/armv7-m\libgcc.a(_arm_addsubsf3.o)
                              .\CortexM3\ARM_GCC_541\Debug\main.o (__aeabi_fsub)
c:/program files (x86)/cypress/psoc creator/4.2/psoc creator/import/gnu/arm/5.4.1/bin/../lib/gcc/arm-none-eabi/5.4.1/armv7-m\libgcc.a(_arm_muldivsf3.o)
                              .\CortexM3\ARM_GCC_541\Debug\main.o (__aeabi_fmul)
c:/program files (x86)/cypress/psoc creator/4.2/psoc creator/import/gnu/arm/5.4.1/bin/../lib/gcc/arm-none-eabi/5.4.1/armv7-m\libgcc.a(_arm_cmpsf2.o)
                              .\CortexM3\ARM_GCC_541\Debug\main.o (__aeabi_fcmplt)
c:/program files (x86)/cypress/psoc creator/4.2/psoc creator/import/gnu/arm/5.4.1/bin/../lib/gcc/arm-none-eabi/5.4.1/armv7-m\libgcc.a(_arm_fixunssfsi.o)
                              .\CortexM3\ARM_GCC_541\Debug\main.o (__aeabi_f2uiz)
c:/program files (x86)/cypress/psoc creator/4.2/psoc creator/import/gnu/arm/5.4.1/bin/../lib/gcc/arm-none-eabi/5.4.1/../../../../arm-none-eabi/lib/armv7-m\libg_nano.a(lib_a-efgcvt.o)
                              .\CortexM3\ARM_GCC_541\Debug\main.o (gcvt)
c:/program files (x86)/cypress/psoc creator/4.2/psoc creator/import/gnu/arm/5.4.1/bin/../lib/gcc/arm-none-eabi/5.4.1/../../../../arm-none-eabi/lib/armv7-m\libg_nano.a(lib_a-errno.o)
                              .\CortexM3\ARM_GCC_541\Debug\Cm3Start.o (__errno)
c:/program files (x86)/cypress/psoc creator/4.2/psoc creator/import/gnu/arm/5.4.1/bin/../lib/gcc/arm-none-eabi/5.4.1/../../../../arm-none-eabi/lib/armv7-m\libg_nano.a(lib_a-exit.o)
                              c:/program files (x86)/cypress/psoc creator/4.2/psoc creator/import/gnu/arm/5.4.1/bin/../lib/gcc/arm-none-eabi/5.4.1/../../../../arm-none-eabi/lib/armv7-m/crt0.o (exit)
c:/program files (x86)/cypress/psoc creator/4.2/psoc creator/import/gnu/arm/5.4.1/bin/../lib/gcc/arm-none-eabi/5.4.1/../../../../arm-none-eabi/lib/armv7-m\libg_nano.a(lib_a-impure.o)
                              c:/program files (x86)/cypress/psoc creator/4.2/psoc creator/import/gnu/arm/5.4.1/bin/../lib/gcc/arm-none-eabi/5.4.1/../../../../arm-none-eabi/lib/armv7-m\libg_nano.a(lib_a-exit.o) (_global_impure_ptr)
c:/program files (x86)/cypress/psoc creator/4.2/psoc creator/import/gnu/arm/5.4.1/bin/../lib/gcc/arm-none-eabi/5.4.1/../../../../arm-none-eabi/lib/armv7-m\libg_nano.a(lib_a-init.o)
                              c:/program files (x86)/cypress/psoc creator/4.2/psoc creator/import/gnu/arm/5.4.1/bin/../lib/gcc/arm-none-eabi/5.4.1/../../../../arm-none-eabi/lib/armv7-m/crt0.o (__libc_init_array)
[...]
Memory Configuration

Name             Origin             Length             Attributes
rom              0x00000000         0x00040000         xr
ram              0x1fff8000         0x00010000         xrw
*default*        0x00000000         0xffffffff

Linker script and memory map

LOAD c:/program files (x86)/cypress/psoc creator/4.2/psoc creator/import/gnu/arm/5.4.1/bin/../lib/gcc/arm-none-eabi/5.4.1/armv7-m/crti.o
LOAD c:/program files (x86)/cypress/psoc creator/4.2/psoc creator/import/gnu/arm/5.4.1/bin/../lib/gcc/arm-none-eabi/5.4.1/armv7-m/crtbegin.o
LOAD c:/program files (x86)/cypress/psoc creator/4.2/psoc creator/import/gnu/arm/5.4.1/bin/../lib/gcc/arm-none-eabi/5.4.1/../../../../arm-none-eabi/lib/armv7-m/crt0.o
START GROUP
LOAD .\CortexM3\ARM_GCC_541\Debug\main.o
LOAD .\CortexM3\ARM_GCC_541\Debug\PIDControl.o
LOAD .\CortexM3\ARM_GCC_541\Debug\cyfitter_cfg.o
LOAD .\CortexM3\ARM_GCC_541\Debug\cymetadata.o
LOAD .\CortexM3\ARM_GCC_541\Debug\Cm3Start.o
LOAD .\CortexM3\ARM_GCC_541\Debug\Temperature-Control.a
LOAD C:\Program Files (x86)\Cypress\PSoC Creator\4.2\PSoC Creator\psoc\content\cycomponentlibrary\CyComponentLibrary.cylib\CortexM3\ARM_GCC_541\Debug\CyComponentLibrary.a
END GROUP
START GROUP
LOAD c:/program files (x86)/cypress/psoc creator/4.2/psoc creator/import/gnu/arm/5.4.1/bin/../lib/gcc/arm-none-eabi/5.4.1/armv7-m\libgcc.a
LOAD c:/program files (x86)/cypress/psoc creator/4.2/psoc creator/import/gnu/arm/5.4.1/bin/../lib/gcc/arm-none-eabi/5.4.1/../../../../arm-none-eabi/lib/armv7-m\libg_nano.a
LOAD c:/program files (x86)/cypress/psoc creator/4.2/psoc creator/import/gnu/arm/5.4.1/bin/../lib/gcc/arm-none-eabi/5.4.1/../../../../arm-none-eabi/lib/armv7-m\libc_nano.a
END GROUP
START GROUP
LOAD c:/program files (x86)/cypress/psoc creator/4.2/psoc creator/import/gnu/arm/5.4.1/bin/../lib/gcc/arm-none-eabi/5.4.1/armv7-m\libgcc.a
LOAD c:/program files (x86)/cypress/psoc creator/4.2/psoc creator/import/gnu/arm/5.4.1/bin/../lib/gcc/arm-none-eabi/5.4.1/../../../../arm-none-eabi/lib/armv7-m\libc_nano.a
END GROUP
LOAD c:/program files (x86)/cypress/psoc creator/4.2/psoc creator/import/gnu/arm/5.4.1/bin/../lib/gcc/arm-none-eabi/5.4.1/armv7-m/crtend.o
LOAD c:/program files (x86)/cypress/psoc creator/4.2/psoc creator/import/gnu/arm/5.4.1/bin/../lib/gcc/arm-none-eabi/5.4.1/armv7-m/crtn.o
START GROUP
LOAD c:/program files (x86)/cypress/psoc creator/4.2/psoc creator/import/gnu/arm/5.4.1/bin/../lib/gcc/arm-none-eabi/5.4.1/armv7-m\libgcc.a
LOAD c:/program files (x86)/cypress/psoc creator/4.2/psoc creator/import/gnu/arm/5.4.1/bin/../lib/gcc/arm-none-eabi/5.4.1/../../../../arm-none-eabi/lib/armv7-m\libc.a
LOAD c:/program files (x86)/cypress/psoc creator/4.2/psoc creator/import/gnu/arm/5.4.1/bin/../lib/gcc/arm-none-eabi/5.4.1/../../../../arm-none-eabi/lib/armv7-m\libnosys.a
END GROUP
                0x00000000                CY_APPL_ORIGIN = 0x0
                0x00000100                CY_FLASH_ROW_SIZE = 0x100
                0x00000020                CY_ECC_ROW_SIZE = 0x20
                0x00000000                CY_EE_IN_BTLDR = 0x0
                0x00000000                CY_APPL_LOADABLE = 0x0
                0x00000800                CY_EE_SIZE = 0x800
                0x00000001                CY_APPL_NUM = 0x1
                0x00000001                CY_APPL_MAX = 0x1
                0x00000040                CY_METADATA_SIZE = 0x40
                0x00000000                CY_APPL_LOADABLE = 0x0
                0x00000000                CY_CHECKSUM_EXCLUDE_SIZE = ALIGN (0x0, CY_FLASH_ROW_SIZE)
                [!provide]                PROVIDE (__cy_heap_start, _end)
                0x00000001                PROVIDE (__cy_region_num, ((__cy_regions_end - __cy_regions) / 0x10))
                0x20008000                PROVIDE (__cy_stack, (ORIGIN (ram) + LENGTH (ram)))
                [!provide]                PROVIDE (__cy_heap_end, (__cy_stack - 0x800))

.cybootloader   0x00000000        0x0
 *(.cybootloader)
                0x00000000                appl1_start = CY_APPL_ORIGIN?CY_APPL_ORIGIN:ALIGN (CY_FLASH_ROW_SIZE)
                0x0001ff00                appl2_start = (appl1_start + ALIGN ((((LENGTH (rom) - appl1_start) - (0x2 * CY_FLASH_ROW_SIZE)) / 0x2), CY_FLASH_ROW_SIZE))
                0x00000000                appl_start = (CY_APPL_NUM == 0x1)?appl1_start:appl2_start
                0x00000000                ecc_offset = ((appl_start / CY_FLASH_ROW_SIZE) * CY_ECC_ROW_SIZE)
                0x00000000                ee_offset = (CY_APPL_LOADABLE && ! (CY_EE_IN_BTLDR))?((CY_EE_SIZE / CY_APPL_MAX) * (CY_APPL_NUM - 0x1)):0x0
                0x00000800                ee_size = (CY_APPL_LOADABLE && ! (CY_EE_IN_BTLDR))?(CY_EE_SIZE / CY_APPL_MAX):CY_EE_SIZE
                [!provide]                PROVIDE (CY_ECC_OFFSET, ecc_offset)

.text           0x00000000     0x4ca0
 CREATE_OBJECT_SYMBOLS
                0x00000000                PROVIDE (__cy_interrupt_vector, RomVectors)
 *(.romvectors)
 .romvectors    0x00000000       0x10 .\CortexM3\ARM_GCC_541\Debug\Cm3Start.o
                0x00000000                RomVectors
                0x00000001                ASSERT ((. != __cy_interrupt_vector), No interrupt vector)
                0x00000001                ASSERT (CY_APPL_ORIGIN?(SIZEOF (.cybootloader) <= CY_APPL_ORIGIN):0x1, Wrong image location)
                0x00000010                PROVIDE (__cy_reset, Reset)
 *(.text.Reset)
 .text.Reset    0x00000010       0x18 .\CortexM3\ARM_GCC_541\Debug\Cm3Start.o
                0x00000010                Reset
                0x00000001                ASSERT ((. != __cy_reset), No reset code)
 *(.dma_init)
                0x00000001                ASSERT ((((appl_start + .) <= 0x10000) || 0x1), DMA Init must be within the first 64k of flash)
 *(.text .text.* .gnu.linkonce.t.*)
 .text          0x00000028       0x5c c:/program files (x86)/cypress/psoc creator/4.2/psoc creator/import/gnu/arm/5.4.1/bin/../lib/gcc/arm-none-eabi/5.4.1/armv7-m/crtbegin.o
 .text.Read2Bytes
                0x00000084       0x3c .\CortexM3\ARM_GCC_541\Debug\main.o
                0x00000084                Read2Bytes
 .text.getTemp  0x000000c0       0x30 .\CortexM3\ARM_GCC_541\Debug\main.o
                0x000000c0                getTemp
 .text.main     0x000000f0      0x138 .\CortexM3\ARM_GCC_541\Debug\main.o
                0x000000f0                main
 .text.increaseTemp
                0x00000228       0x40 .\CortexM3\ARM_GCC_541\Debug\main.o
                0x00000228                increaseTemp
 .text.decreaseTemp
                0x00000268       0x40 .\CortexM3\ARM_GCC_541\Debug\main.o
                0x00000268                decreaseTemp
 .text.handleByteReceived
                0x000002a8       0x18 .\CortexM3\ARM_GCC_541\Debug\main.o
                0x000002a8                handleByteReceived
 .text.ISR_UART_rx_handler
                0x000002c0       0x24 .\CortexM3\ARM_GCC_541\Debug\main.o
                0x000002c0                ISR_UART_rx_handler
 .text.PIDControl_init
                0x000002e4       0x1c .\CortexM3\ARM_GCC_541\Debug\PIDControl.o
                0x000002e4                PIDControl_init
 .text.PIDControl_changeSetPoint
                0x00000300        0xc .\CortexM3\ARM_GCC_541\Debug\PIDControl.o
                0x00000300                PIDControl_changeSetPoint
 .text.PIDControl_doStep
                0x0000030c       0xa4 .\CortexM3\ARM_GCC_541\Debug\PIDControl.o
                0x0000030c                PIDControl_doStep
 .text.CyClockStartupError
                0x000003b0        0x4 .\CortexM3\ARM_GCC_541\Debug\cyfitter_cfg.o
 .text.cfg_write_bytes32
                0x000003b4       0x34 .\CortexM3\ARM_GCC_541\Debug\cyfitter_cfg.o
 .text.AnalogSetDefault
                0x000003e8       0x28 .\CortexM3\ARM_GCC_541\Debug\cyfitter_cfg.o
 .text.CYMEMZERO
                0x00000410        0xc .\CortexM3\ARM_GCC_541\Debug\cyfitter_cfg.o
 .text.ClockSetup
                0x0000041c       0xd4 .\CortexM3\ARM_GCC_541\Debug\cyfitter_cfg.o
 .text.CYCONFIGCPY
                0x000004f0        0x8 .\CortexM3\ARM_GCC_541\Debug\cyfitter_cfg.o
 .text.cyfitter_cfg
                0x000004f8      0x110 .\CortexM3\ARM_GCC_541\Debug\cyfitter_cfg.o
                0x000004f8                cyfitter_cfg
 .text.IntDefaultHandler
                0x00000608       0x10 .\CortexM3\ARM_GCC_541\Debug\Cm3Start.o
                0x00000608                IntDefaultHandler
 .text._sbrk    0x00000618       0x30 .\CortexM3\ARM_GCC_541\Debug\Cm3Start.o
                0x00000618                _sbrk
 .text.Start_c  0x00000648       0x4c .\CortexM3\ARM_GCC_541\Debug\Cm3Start.o
                0x00000648                Start_c
 .text.initialize_psoc
                0x00000694       0x68 .\CortexM3\ARM_GCC_541\Debug\Cm3Start.o
                0x00000694                initialize_psoc
 .text.CyHalt   0x000006fc        0x4 .\CortexM3\ARM_GCC_541\Debug\Temperature-Control.a(CyLib.o)
                0x000006fc                CyHalt
 .text.CyDelay  0x00000700       0x2c .\CortexM3\ARM_GCC_541\Debug\Temperature-Control.a(CyLib.o)
                0x00000700                CyDelay
 .text.CyIntSetVector
                0x0000072c       0x28 .\CortexM3\ARM_GCC_541\Debug\Temperature-Control.a(CyLib.o)
                0x0000072c                CyIntSetVector
 .text.CyIntSetPriority
                0x00000754       0x30 .\CortexM3\ARM_GCC_541\Debug\Temperature-Control.a(CyLib.o)
                0x00000754                CyIntSetPriority
 .text.PWM_Power_Enable
                0x00000784       0x10 .\CortexM3\ARM_GCC_541\Debug\Temperature-Control.a(PWM_Power.o)
                0x00000784                PWM_Power_Enable
 .text.PWM_Power_WriteCounter
                0x00000794        0xc .\CortexM3\ARM_GCC_541\Debug\Temperature-Control.a(PWM_Power.o)
                0x00000794                PWM_Power_WriteCounter
 .text.PWM_Power_WritePeriod
                0x000007a0        0xc .\CortexM3\ARM_GCC_541\Debug\Temperature-Control.a(PWM_Power.o)
                0x000007a0                PWM_Power_WritePeriod
 .text.PWM_Power_WriteCompare
                0x000007ac        0xc .\CortexM3\ARM_GCC_541\Debug\Temperature-Control.a(PWM_Power.o)
                0x000007ac                PWM_Power_WriteCompare
 .text.PWM_Power_SetInterruptMode
                0x000007b8        0xc .\CortexM3\ARM_GCC_541\Debug\Temperature-Control.a(PWM_Power.o)
                0x000007b8                PWM_Power_SetInterruptMode
 .text.PWM_Power_ReadStatusRegister
                0x000007c4        0xc .\CortexM3\ARM_GCC_541\Debug\Temperature-Control.a(PWM_Power.o)
                0x000007c4                PWM_Power_ReadStatusRegister
 .text.PWM_Power_ReadCapture
                0x000007d0        0xc .\CortexM3\ARM_GCC_541\Debug\Temperature-Control.a(PWM_Power.o)
                0x000007d0                PWM_Power_ReadCapture
 .text.PWM_Power_ClearFIFO
                0x000007dc       0x14 .\CortexM3\ARM_GCC_541\Debug\Temperature-Control.a(PWM_Power.o)
                0x000007dc                PWM_Power_ClearFIFO
 .text.PWM_Power_Init
                0x000007f0       0x50 .\CortexM3\ARM_GCC_541\Debug\Temperature-Control.a(PWM_Power.o)
                0x000007f0                PWM_Power_Init
 .text.PWM_Power_Start
                0x00000840       0x1c .\CortexM3\ARM_GCC_541\Debug\Temperature-Control.a(PWM_Power.o)
                0x00000840                PWM_Power_Start
 .text.UART_1_Init
                0x0000085c       0x28 .\CortexM3\ARM_GCC_541\Debug\Temperature-Control.a(UART_1.o)
                0x0000085c                UART_1_Init
 .text.UART_1_Enable
                0x00000884       0x38 .\CortexM3\ARM_GCC_541\Debug\Temperature-Control.a(UART_1.o)
                0x00000884                UART_1_Enable
 .text.UART_1_Start
                0x000008bc       0x1c .\CortexM3\ARM_GCC_541\Debug\Temperature-Control.a(UART_1.o)
                0x000008bc                UART_1_Start
 .text.UART_1_ReadRxData
                0x000008d8        0xc .\CortexM3\ARM_GCC_541\Debug\Temperature-Control.a(UART_1.o)
                0x000008d8                UART_1_ReadRxData
 .text.UART_1_GetRxBufferSize
                0x000008e4       0x18 .\CortexM3\ARM_GCC_541\Debug\Temperature-Control.a(UART_1.o)
                0x000008e4                UART_1_GetRxBufferSize
 .text.UART_1_WriteTxData
                0x000008fc       0x14 .\CortexM3\ARM_GCC_541\Debug\Temperature-Control.a(UART_1.o)
                0x000008fc                UART_1_WriteTxData
 .text.UART_1_PutChar
                0x00000910       0x18 .\CortexM3\ARM_GCC_541\Debug\Temperature-Control.a(UART_1.o)
                0x00000910                UART_1_PutChar
 .text.UART_1_PutString
                0x00000928       0x24 .\CortexM3\ARM_GCC_541\Debug\Temperature-Control.a(UART_1.o)
                0x00000928                UART_1_PutString
 .text.isr_uart_rx_SetVector
                0x0000094c        0xc .\CortexM3\ARM_GCC_541\Debug\Temperature-Control.a(isr_uart_rx.o)
                0x0000094c                isr_uart_rx_SetVector
 .text.isr_uart_rx_SetPriority
                0x00000958       0x10 .\CortexM3\ARM_GCC_541\Debug\Temperature-Control.a(isr_uart_rx.o)
                0x00000958                isr_uart_rx_SetPriority
 .text.isr_uart_rx_Enable
                0x00000968        0xc .\CortexM3\ARM_GCC_541\Debug\Temperature-Control.a(isr_uart_rx.o)
                0x00000968                isr_uart_rx_Enable
 .text.isr_uart_rx_Disable
                0x00000974        0xc .\CortexM3\ARM_GCC_541\Debug\Temperature-Control.a(isr_uart_rx.o)
                0x00000974                isr_uart_rx_Disable
 .text.isr_uart_rx_StartEx
                0x00000980       0x1c .\CortexM3\ARM_GCC_541\Debug\Temperature-Control.a(isr_uart_rx.o)
                0x00000980                isr_uart_rx_StartEx
 .text.UART_1_IntClock_Start
                0x0000099c       0x1c .\CortexM3\ARM_GCC_541\Debug\Temperature-Control.a(UART_1_IntClock.o)
                0x0000099c                UART_1_IntClock_Start
 .text.I2C_Init
                0x000009b8       0x78 .\CortexM3\ARM_GCC_541\Debug\Temperature-Control.a(I2C.o)
                0x000009b8                I2C_Init
 .text.I2C_Enable
                0x00000a30       0x10 .\CortexM3\ARM_GCC_541\Debug\Temperature-Control.a(I2C.o)
                0x00000a30                I2C_Enable
 .text.I2C_Start
                0x00000a40       0x28 .\CortexM3\ARM_GCC_541\Debug\Temperature-Control.a(I2C.o)
                0x00000a40                I2C_Start
 .text.I2C_ISR  0x00000a68      0x328 .\CortexM3\ARM_GCC_541\Debug\Temperature-Control.a(I2C_INT.o)
                0x00000a68                I2C_ISR
 .text.I2C_MasterSendStart
                0x00000d90       0x90 .\CortexM3\ARM_GCC_541\Debug\Temperature-Control.a(I2C_MASTER.o)
                0x00000d90                I2C_MasterSendStart
 .text.I2C_MasterSendRestart
                0x00000e20       0x7c .\CortexM3\ARM_GCC_541\Debug\Temperature-Control.a(I2C_MASTER.o)
                0x00000e20                I2C_MasterSendRestart
 .text.I2C_MasterSendStop
                0x00000e9c       0x50 .\CortexM3\ARM_GCC_541\Debug\Temperature-Control.a(I2C_MASTER.o)
                0x00000e9c                I2C_MasterSendStop
 .text.I2C_MasterWriteByte
                0x00000eec       0x6c .\CortexM3\ARM_GCC_541\Debug\Temperature-Control.a(I2C_MASTER.o)
                0x00000eec                I2C_MasterWriteByte
 .text.I2C_MasterReadByte
                0x00000f58       0x88 .\CortexM3\ARM_GCC_541\Debug\Temperature-Control.a(I2C_MASTER.o)
                0x00000f58                I2C_MasterReadByte
 .text.I2C_MasterClearStatus
                0x00000fe0       0x20 .\CortexM3\ARM_GCC_541\Debug\Temperature-Control.a(I2C_MASTER.o)
                0x00000fe0                I2C_MasterClearStatus
 .text          0x00001000       0x20 .\CortexM3\ARM_GCC_541\Debug\Temperature-Control.a(CyBootAsmGnu.o)
                0x00001000                CyDelayCycles
                0x00001010                CyEnterCriticalSection
                0x00001018                CyExitCriticalSection
 .text          0x00001020      0x370 c:/program files (x86)/cypress/psoc creator/4.2/psoc creator/import/gnu/arm/5.4.1/bin/../lib/gcc/arm-none-eabi/5.4.1/armv7-m\libgcc.a(_arm_addsubdf3.o)
                0x00001020                __aeabi_drsub
                0x00001028                __aeabi_dsub
                0x00001028                __subdf3
                0x0000102c                __aeabi_dadd
                0x0000102c                __adddf3
                0x000012a4                __floatunsidf
                0x000012a4                __aeabi_ui2d
                0x000012c4                __floatsidf
                0x000012c4                __aeabi_i2d
                0x000012e8                __aeabi_f2d
                0x000012e8                __extendsfdf2
                0x00001324                __floatundidf
                0x00001324                __aeabi_ul2d
                0x00001334                __floatdidf
                0x00001334                __aeabi_l2d
 .text          0x00001390      0x21c c:/program files (x86)/cypress/psoc creator/4.2/psoc creator/import/gnu/arm/5.4.1/bin/../lib/gcc/arm-none-eabi/5.4.1/armv7-m\libgcc.a(_arm_addsubsf3.o)
                0x00001390                __aeabi_frsub
                0x00001398                __subsf3
                0x00001398                __aeabi_fsub
                0x0000139c                __aeabi_fadd
                0x0000139c                __addsf3
                0x000014fc                __aeabi_ui2f
                0x000014fc                __floatunsisf
                0x00001504                __aeabi_i2f
                0x00001504                __floatsisf
                0x00001520                __aeabi_ul2f
                0x00001520                __floatundisf
                0x00001530                __aeabi_l2f
                0x00001530                __floatdisf
 .text          0x000015ac      0x2a0 c:/program files (x86)/cypress/psoc creator/4.2/psoc creator/import/gnu/arm/5.4.1/bin/../lib/gcc/arm-none-eabi/5.4.1/armv7-m\libgcc.a(_arm_muldivsf3.o)
                0x000015ac                __mulsf3
                0x000015ac                __aeabi_fmul
                0x00001714                __aeabi_fdiv
                0x00001714                __divsf3
 .text          0x0000184c       0xec c:/program files (x86)/cypress/psoc creator/4.2/psoc creator/import/gnu/arm/5.4.1/bin/../lib/gcc/arm-none-eabi/5.4.1/armv7-m\libgcc.a(_arm_cmpsf2.o)
                0x0000184c                __gesf2
                0x0000184c                __gtsf2
                0x00001854                __lesf2
                0x00001854                __ltsf2
                0x0000185c                __nesf2
                0x0000185c                __eqsf2
                0x0000185c                __cmpsf2
                0x000018bc                __aeabi_cfrcmple
                0x000018c4                __aeabi_cfcmpeq
                0x000018c4                __aeabi_cfcmple
                0x000018d4                __aeabi_fcmpeq
                0x000018e8                __aeabi_fcmplt
                0x000018fc                __aeabi_fcmple
                0x00001910                __aeabi_fcmpge
                0x00001924                __aeabi_fcmpgt
 .text          0x00001938       0x40 c:/program files (x86)/cypress/psoc creator/4.2/psoc creator/import/gnu/arm/5.4.1/bin/../lib/gcc/arm-none-eabi/5.4.1/armv7-m\libgcc.a(_arm_fixunssfsi.o)
                0x00001938                __fixunssfsi
                0x00001938                __aeabi_f2uiz
 .text.gcvt     0x00001978       0x48 c:/program files (x86)/cypress/psoc creator/4.2/psoc creator/import/gnu/arm/5.4.1/bin/../lib/gcc/arm-none-eabi/5.4.1/../../../../arm-none-eabi/lib/armv7-m\libg_nano.a(lib_a-efgcvt.o)
                0x00001978                gcvt
 .text.__errno  0x000019c0        0xc c:/program files (x86)/cypress/psoc creator/4.2/psoc creator/import/gnu/arm/5.4.1/bin/../lib/gcc/arm-none-eabi/5.4.1/../../../../arm-none-eabi/lib/armv7-m\libg_nano.a(lib_a-errno.o)
                0x000019c0                __errno
 .text.__libc_init_array
                0x000019cc       0x4c c:/program files (x86)/cypress/psoc creator/4.2/psoc creator/import/gnu/arm/5.4.1/bin/../lib/gcc/arm-none-eabi/5.4.1/../../../../arm-none-eabi/lib/armv7-m\libg_nano.a(lib_a-init.o)
                0x000019cc                __libc_init_array
 .text.memcpy   0x00001a18       0x16 c:/program files (x86)/cypress/psoc creator/4.2/psoc creator/import/gnu/arm/5.4.1/bin/../lib/gcc/arm-none-eabi/5.4.1/../../../../arm-none-eabi/lib/armv7-m\libg_nano.a(lib_a-memcpy-stub.o)
                0x00001a18                memcpy
 .text.memset   0x00001a2e       0x10 c:/program files (x86)/cypress/psoc creator/4.2/psoc creator/import/gnu/arm/5.4.1/bin/../lib/gcc/arm-none-eabi/5.4.1/../../../../arm-none-eabi/lib/armv7-m\libg_nano.a(lib_a-memset.o)
                0x00001a2e                memset
 .text.__cvt    0x00001a3e       0xc0 c:/program files (x86)/cypress/psoc creator/4.2/psoc creator/import/gnu/arm/5.4.1/bin/../lib/gcc/arm-none-eabi/5.4.1/../../../../arm-none-eabi/lib/armv7-m\libg_nano.a(lib_a-nano-vfprintf_float.o)
                0x00001a3e                __cvt
 .text.__exponent
                0x00001afe       0x62 c:/program files (x86)/cypress/psoc creator/4.2/psoc creator/import/gnu/arm/5.4.1/bin/../lib/gcc/arm-none-eabi/5.4.1/../../../../arm-none-eabi/lib/armv7-m\libg_nano.a(lib_a-nano-vfprintf_float.o)
                0x00001afe                __exponent
 .text._printf_float
                0x00001b60      0x488 c:/program files (x86)/cypress/psoc creator/4.2/psoc creator/import/gnu/arm/5.4.1/bin/../lib/gcc/arm-none-eabi/5.4.1/../../../../arm-none-eabi/lib/armv7-m\libg_nano.a(lib_a-nano-vfprintf_float.o)
                0x00001b60                _printf_float
 .text._printf_common
                0x00001fe8       0xec c:/program files (x86)/cypress/psoc creator/4.2/psoc creator/import/gnu/arm/5.4.1/bin/../lib/gcc/arm-none-eabi/5.4.1/../../../../arm-none-eabi/lib/armv7-m\libg_nano.a(lib_a-nano-vfprintf_i.o)
                0x00001fe8                _printf_common
 .text._printf_i
                0x000020d4      0x24c c:/program files (x86)/cypress/psoc creator/4.2/psoc creator/import/gnu/arm/5.4.1/bin/../lib/gcc/arm-none-eabi/5.4.1/../../../../arm-none-eabi/lib/armv7-m\libg_nano.a(lib_a-nano-vfprintf_i.o)
                0x000020d4                _printf_i
 .text.printf   0x00002320       0x30 c:/program files (x86)/cypress/psoc creator/4.2/psoc creator/import/gnu/arm/5.4.1/bin/../lib/gcc/arm-none-eabi/5.4.1/../../../../arm-none-eabi/lib/armv7-m\libg_nano.a(lib_a-printf.o)
                0x00002320                iprintf
                0x00002320                printf
 .text.snprintf
                0x00002350       0x64 c:/program files (x86)/cypress/psoc creator/4.2/psoc creator/import/gnu/arm/5.4.1/bin/../lib/gcc/arm-none-eabi/5.4.1/../../../../arm-none-eabi/lib/armv7-m\libg_nano.a(lib_a-snprintf.o)
                0x00002350                sniprintf
                0x00002350                snprintf
 .text          0x000023b4       0x10 c:/program files (x86)/cypress/psoc creator/4.2/psoc creator/import/gnu/arm/5.4.1/bin/../lib/gcc/arm-none-eabi/5.4.1/../../../../arm-none-eabi/lib/armv7-m\libg_nano.a(lib_a-strlen.o)
                0x000023b4                strlen
 .text.quorem   0x000023c4      0x116 c:/program files (x86)/cypress/psoc creator/4.2/psoc creator/import/gnu/arm/5.4.1/bin/../lib/gcc/arm-none-eabi/5.4.1/../../../../arm-none-eabi/lib/armv7-m\libg_nano.a(lib_a-dtoa.o)
 *fill*         0x000024da        0x6 
 .text._dtoa_r  0x000024e0      0xb30 c:/program files (x86)/cypress/psoc creator/4.2/psoc creator/import/gnu/arm/5.4.1/bin/../lib/gcc/arm-none-eabi/5.4.1/../../../../arm-none-eabi/lib/armv7-m\libg_nano.a(lib_a-dtoa.o)
                0x000024e0                _dtoa_r
 .text.print_e  0x00003010       0xe8 c:/program files (x86)/cypress/psoc creator/4.2/psoc creator/import/gnu/arm/5.4.1/bin/../lib/gcc/arm-none-eabi/5.4.1/../../../../arm-none-eabi/lib/armv7-m\libg_nano.a(lib_a-ecvtbuf.o)
 .text._gcvt    0x000030f8      0x194 c:/program files (x86)/cypress/psoc creator/4.2/psoc creator/import/gnu/arm/5.4.1/bin/../lib/gcc/arm-none-eabi/5.4.1/../../../../arm-none-eabi/lib/armv7-m\libg_nano.a(lib_a-ecvtbuf.o)
                0x000030f8                _gcvt
 .text._cleanup_r
                0x0000328c        0xc c:/program files (x86)/cypress/psoc creator/4.2/psoc creator/import/gnu/arm/5.4.1/bin/../lib/gcc/arm-none-eabi/5.4.1/../../../../arm-none-eabi/lib/armv7-m\libg_nano.a(lib_a-findfp.o)
                0x0000328c                _cleanup_r
 .text.std.isra.0
                0x00003298       0x48 c:/program files (x86)/cypress/psoc creator/4.2/psoc creator/import/gnu/arm/5.4.1/bin/../lib/gcc/arm-none-eabi/5.4.1/../../../../arm-none-eabi/lib/armv7-m\libg_nano.a(lib_a-findfp.o)
 .text.__sfmoreglue
                0x000032e0       0x2c c:/program files (x86)/cypress/psoc creator/4.2/psoc creator/import/gnu/arm/5.4.1/bin/../lib/gcc/arm-none-eabi/5.4.1/../../../../arm-none-eabi/lib/armv7-m\libg_nano.a(lib_a-findfp.o)
                0x000032e0                __sfmoreglue
 .text.__sinit  0x0000330c       0x60 c:/program files (x86)/cypress/psoc creator/4.2/psoc creator/import/gnu/arm/5.4.1/bin/../lib/gcc/arm-none-eabi/5.4.1/../../../../arm-none-eabi/lib/armv7-m\libg_nano.a(lib_a-findfp.o)
                0x0000330c                __sinit
 .text.__sfp    0x0000336c       0x78 c:/program files (x86)/cypress/psoc creator/4.2/psoc creator/import/gnu/arm/5.4.1/bin/../lib/gcc/arm-none-eabi/5.4.1/../../../../arm-none-eabi/lib/armv7-m\libg_nano.a(lib_a-findfp.o)
                0x0000336c                __sfp
 .text._fwalk_reent
                0x000033e4       0x3c c:/program files (x86)/cypress/psoc creator/4.2/psoc creator/import/gnu/arm/5.4.1/bin/../lib/gcc/arm-none-eabi/5.4.1/../../../../arm-none-eabi/lib/armv7-m\libg_nano.a(lib_a-fwalk.o)
                0x000033e4                _fwalk_reent
 .text._localeconv_r
                0x00003420        0x8 c:/program files (x86)/cypress/psoc creator/4.2/psoc creator/import/gnu/arm/5.4.1/bin/../lib/gcc/arm-none-eabi/5.4.1/../../../../arm-none-eabi/lib/armv7-m\libg_nano.a(lib_a-locale.o)
                0x00003420                _localeconv_r
 .text.malloc   0x00003428       0x10 c:/program files (x86)/cypress/psoc creator/4.2/psoc creator/import/gnu/arm/5.4.1/bin/../lib/gcc/arm-none-eabi/5.4.1/../../../../arm-none-eabi/lib/armv7-m\libg_nano.a(lib_a-malloc.o)
                0x00003428                malloc
 .text.memchr   0x00003438       0x1c c:/program files (x86)/cypress/psoc creator/4.2/psoc creator/import/gnu/arm/5.4.1/bin/../lib/gcc/arm-none-eabi/5.4.1/../../../../arm-none-eabi/lib/armv7-m\libg_nano.a(lib_a-memchr-stub.o)
                0x00003438                memchr
 .text._Balloc  0x00003454       0x6a c:/program files (x86)/cypress/psoc creator/4.2/psoc creator/import/gnu/arm/5.4.1/bin/../lib/gcc/arm-none-eabi/5.4.1/../../../../arm-none-eabi/lib/armv7-m\libg_nano.a(lib_a-mprec.o)
                0x00003454                _Balloc
 .text._Bfree   0x000034be       0x2e c:/program files (x86)/cypress/psoc creator/4.2/psoc creator/import/gnu/arm/5.4.1/bin/../lib/gcc/arm-none-eabi/5.4.1/../../../../arm-none-eabi/lib/armv7-m\libg_nano.a(lib_a-mprec.o)
                0x000034be                _Bfree
 .text.__multadd
                0x000034ec       0x76 c:/program files (x86)/cypress/psoc creator/4.2/psoc creator/import/gnu/arm/5.4.1/bin/../lib/gcc/arm-none-eabi/5.4.1/../../../../arm-none-eabi/lib/armv7-m\libg_nano.a(lib_a-mprec.o)
                0x000034ec                __multadd
 .text.__hi0bits
                0x00003562       0x40 c:/program files (x86)/cypress/psoc creator/4.2/psoc creator/import/gnu/arm/5.4.1/bin/../lib/gcc/arm-none-eabi/5.4.1/../../../../arm-none-eabi/lib/armv7-m\libg_nano.a(lib_a-mprec.o)
                0x00003562                __hi0bits
 .text.__lo0bits
                0x000035a2       0x5a c:/program files (x86)/cypress/psoc creator/4.2/psoc creator/import/gnu/arm/5.4.1/bin/../lib/gcc/arm-none-eabi/5.4.1/../../../../arm-none-eabi/lib/armv7-m\libg_nano.a(lib_a-mprec.o)
                0x000035a2                __lo0bits
 .text.__i2b    0x000035fc       0x12 c:/program files (x86)/cypress/psoc creator/4.2/psoc creator/import/gnu/arm/5.4.1/bin/../lib/gcc/arm-none-eabi/5.4.1/../../../../arm-none-eabi/lib/armv7-m\libg_nano.a(lib_a-mprec.o)
                0x000035fc                __i2b
 .text.__multiply
                0x0000360e      0x120 c:/program files (x86)/cypress/psoc creator/4.2/psoc creator/import/gnu/arm/5.4.1/bin/../lib/gcc/arm-none-eabi/5.4.1/../../../../arm-none-eabi/lib/armv7-m\libg_nano.a(lib_a-mprec.o)
                0x0000360e                __multiply
 *fill*         0x0000372e        0x2 
 .text.__pow5mult
                0x00003730       0x9c c:/program files (x86)/cypress/psoc creator/4.2/psoc creator/import/gnu/arm/5.4.1/bin/../lib/gcc/arm-none-eabi/5.4.1/../../../../arm-none-eabi/lib/armv7-m\libg_nano.a(lib_a-mprec.o)
                0x00003730                __pow5mult
 .text.__lshift
                0x000037cc       0xa2 c:/program files (x86)/cypress/psoc creator/4.2/psoc creator/import/gnu/arm/5.4.1/bin/../lib/gcc/arm-none-eabi/5.4.1/../../../../arm-none-eabi/lib/armv7-m\libg_nano.a(lib_a-mprec.o)
                0x000037cc                __lshift
 .text.__mcmp   0x0000386e       0x38 c:/program files (x86)/cypress/psoc creator/4.2/psoc creator/import/gnu/arm/5.4.1/bin/../lib/gcc/arm-none-eabi/5.4.1/../../../../arm-none-eabi/lib/armv7-m\libg_nano.a(lib_a-mprec.o)
                0x0000386e                __mcmp
 .text.__mdiff  0x000038a6       0xbe c:/program files (x86)/cypress/psoc creator/4.2/psoc creator/import/gnu/arm/5.4.1/bin/../lib/gcc/arm-none-eabi/5.4.1/../../../../arm-none-eabi/lib/armv7-m\libg_nano.a(lib_a-mprec.o)
                0x000038a6                __mdiff
 .text.__d2b    0x00003964       0x9c c:/program files (x86)/cypress/psoc creator/4.2/psoc creator/import/gnu/arm/5.4.1/bin/../lib/gcc/arm-none-eabi/5.4.1/../../../../arm-none-eabi/lib/armv7-m\libg_nano.a(lib_a-mprec.o)
                0x00003964                __d2b
 .text._mprec_log10
                0x00003a00       0x34 c:/program files (x86)/cypress/psoc creator/4.2/psoc creator/import/gnu/arm/5.4.1/bin/../lib/gcc/arm-none-eabi/5.4.1/../../../../arm-none-eabi/lib/armv7-m\libg_nano.a(lib_a-mprec.o)
                0x00003a00                _mprec_log10
 .text._calloc_r
                0x00003a34       0x1c c:/program files (x86)/cypress/psoc creator/4.2/psoc creator/import/gnu/arm/5.4.1/bin/../lib/gcc/arm-none-eabi/5.4.1/../../../../arm-none-eabi/lib/armv7-m\libg_nano.a(lib_a-nano-callocr.o)
                0x00003a34                _calloc_r
 .text._free_r  0x00003a50       0x98 c:/program files (x86)/cypress/psoc creator/4.2/psoc creator/import/gnu/arm/5.4.1/bin/../lib/gcc/arm-none-eabi/5.4.1/../../../../arm-none-eabi/lib/armv7-m\libg_nano.a(lib_a-nano-freer.o)
                0x00003a50                _free_r
 .text._malloc_r
                0x00003ae8       0xbc c:/program files (x86)/cypress/psoc creator/4.2/psoc creator/import/gnu/arm/5.4.1/bin/../lib/gcc/arm-none-eabi/5.4.1/../../../../arm-none-eabi/lib/armv7-m\libg_nano.a(lib_a-nano-mallocr.o)
                0x00003ae8                _malloc_r
 .text._realloc_r
                0x00003ba4       0x4c c:/program files (x86)/cypress/psoc creator/4.2/psoc creator/import/gnu/arm/5.4.1/bin/../lib/gcc/arm-none-eabi/5.4.1/../../../../arm-none-eabi/lib/armv7-m\libg_nano.a(lib_a-nano-reallocr.o)
                0x00003ba4                _realloc_r
 .text.__ssputs_r
                0x00003bf0       0xb2 c:/program files (x86)/cypress/psoc creator/4.2/psoc creator/import/gnu/arm/5.4.1/bin/../lib/gcc/arm-none-eabi/5.4.1/../../../../arm-none-eabi/lib/armv7-m\libg_nano.a(lib_a-nano-svfprintf.o)
                0x00003bf0                __ssputs_r
 *fill*         0x00003ca2        0x2 
 .text._svfprintf_r
                0x00003ca4      0x1e8 c:/program files (x86)/cypress/psoc creator/4.2/psoc creator/import/gnu/arm/5.4.1/bin/../lib/gcc/arm-none-eabi/5.4.1/../../../../arm-none-eabi/lib/armv7-m\libg_nano.a(lib_a-nano-svfprintf.o)
                0x00003ca4                _svfiprintf_r
                0x00003ca4                _svfprintf_r
 .text.__sfputc_r
                0x00003e8c       0x2c c:/program files (x86)/cypress/psoc creator/4.2/psoc creator/import/gnu/arm/5.4.1/bin/../lib/gcc/arm-none-eabi/5.4.1/../../../../arm-none-eabi/lib/armv7-m\libg_nano.a(lib_a-nano-vfprintf.o)
 .text.__sfputs_r
                0x00003eb8       0x24 c:/program files (x86)/cypress/psoc creator/4.2/psoc creator/import/gnu/arm/5.4.1/bin/../lib/gcc/arm-none-eabi/5.4.1/../../../../arm-none-eabi/lib/armv7-m\libg_nano.a(lib_a-nano-vfprintf.o)
                0x00003eb8                __sfputs_r
 .text._vfprintf_r
                0x00003edc      0x238 c:/program files (x86)/cypress/psoc creator/4.2/psoc creator/import/gnu/arm/5.4.1/bin/../lib/gcc/arm-none-eabi/5.4.1/../../../../arm-none-eabi/lib/armv7-m\libg_nano.a(lib_a-nano-vfprintf.o)
                0x00003edc                _vfprintf_r
                0x00003edc                _vfiprintf_r
 .text._sbrk_r  0x00004114       0x20 c:/program files (x86)/cypress/psoc creator/4.2/psoc creator/import/gnu/arm/5.4.1/bin/../lib/gcc/arm-none-eabi/5.4.1/../../../../arm-none-eabi/lib/armv7-m\libg_nano.a(lib_a-sbrkr.o)
                0x00004114                _sbrk_r
 .text.__sread  0x00004134       0x22 c:/program files (x86)/cypress/psoc creator/4.2/psoc creator/import/gnu/arm/5.4.1/bin/../lib/gcc/arm-none-eabi/5.4.1/../../../../arm-none-eabi/lib/armv7-m\libg_nano.a(lib_a-stdio.o)
                0x00004134                __sread
 .text.__swrite
                0x00004156       0x38 c:/program files (x86)/cypress/psoc creator/4.2/psoc creator/import/gnu/arm/5.4.1/bin/../lib/gcc/arm-none-eabi/5.4.1/../../../../arm-none-eabi/lib/armv7-m\libg_nano.a(lib_a-stdio.o)
                0x00004156                __swrite
 .text.__sseek  0x0000418e       0x24 c:/program files (x86)/cypress/psoc creator/4.2/psoc creator/import/gnu/arm/5.4.1/bin/../lib/gcc/arm-none-eabi/5.4.1/../../../../arm-none-eabi/lib/armv7-m\libg_nano.a(lib_a-stdio.o)
                0x0000418e                __sseek
 .text.__sclose
                0x000041b2        0x8 c:/program files (x86)/cypress/psoc creator/4.2/psoc creator/import/gnu/arm/5.4.1/bin/../lib/gcc/arm-none-eabi/5.4.1/../../../../arm-none-eabi/lib/armv7-m\libg_nano.a(lib_a-stdio.o)
                0x000041b2                __sclose
 .text.strcpy   0x000041ba       0x10 c:/program files (x86)/cypress/psoc creator/4.2/psoc creator/import/gnu/arm/5.4.1/bin/../lib/gcc/arm-none-eabi/5.4.1/../../../../arm-none-eabi/lib/armv7-m\libg_nano.a(lib_a-strcpy.o)
                0x000041ba                strcpy
 *fill*         0x000041ca        0x2 
 .text.__swbuf_r
                0x000041cc       0xa8 c:/program files (x86)/cypress/psoc creator/4.2/psoc creator/import/gnu/arm/5.4.1/bin/../lib/gcc/arm-none-eabi/5.4.1/../../../../arm-none-eabi/lib/armv7-m\libg_nano.a(lib_a-wbuf.o)
                0x000041cc                __swbuf_r
 .text._write_r
                0x00004274       0x24 c:/program files (x86)/cypress/psoc creator/4.2/psoc creator/import/gnu/arm/5.4.1/bin/../lib/gcc/arm-none-eabi/5.4.1/../../../../arm-none-eabi/lib/armv7-m\libg_nano.a(lib_a-writer.o)
                0x00004274                _write_r
 .text.__swsetup_r
                0x00004298       0xdc c:/program files (x86)/cypress/psoc creator/4.2/psoc creator/import/gnu/arm/5.4.1/bin/../lib/gcc/arm-none-eabi/5.4.1/../../../../arm-none-eabi/lib/armv7-m\libg_nano.a(lib_a-wsetup.o)
                0x00004298                __swsetup_r
 .text._close_r
                0x00004374       0x20 c:/program files (x86)/cypress/psoc creator/4.2/psoc creator/import/gnu/arm/5.4.1/bin/../lib/gcc/arm-none-eabi/5.4.1/../../../../arm-none-eabi/lib/armv7-m\libg_nano.a(lib_a-closer.o)
                0x00004374                _close_r
 .text.__sflush_r
                0x00004394      0x10c c:/program files (x86)/cypress/psoc creator/4.2/psoc creator/import/gnu/arm/5.4.1/bin/../lib/gcc/arm-none-eabi/5.4.1/../../../../arm-none-eabi/lib/armv7-m\libg_nano.a(lib_a-fflush.o)
                0x00004394                __sflush_r
 .text._fflush_r
                0x000044a0       0x54 c:/program files (x86)/cypress/psoc creator/4.2/psoc creator/import/gnu/arm/5.4.1/bin/../lib/gcc/arm-none-eabi/5.4.1/../../../../arm-none-eabi/lib/armv7-m\libg_nano.a(lib_a-fflush.o)
                0x000044a0                _fflush_r
 .text._lseek_r
                0x000044f4       0x24 c:/program files (x86)/cypress/psoc creator/4.2/psoc creator/import/gnu/arm/5.4.1/bin/../lib/gcc/arm-none-eabi/5.4.1/../../../../arm-none-eabi/lib/armv7-m\libg_nano.a(lib_a-lseekr.o)
                0x000044f4                _lseek_r
 .text.__swhatbuf_r
                0x00004518       0x46 c:/program files (x86)/cypress/psoc creator/4.2/psoc creator/import/gnu/arm/5.4.1/bin/../lib/gcc/arm-none-eabi/5.4.1/../../../../arm-none-eabi/lib/armv7-m\libg_nano.a(lib_a-makebuf.o)
                0x00004518                __swhatbuf_r
 *fill*         0x0000455e        0x2 
 .text.__smakebuf_r
                0x00004560       0x78 c:/program files (x86)/cypress/psoc creator/4.2/psoc creator/import/gnu/arm/5.4.1/bin/../lib/gcc/arm-none-eabi/5.4.1/../../../../arm-none-eabi/lib/armv7-m\libg_nano.a(lib_a-makebuf.o)
                0x00004560                __smakebuf_r
 .text.memmove  0x000045d8       0x36 c:/program files (x86)/cypress/psoc creator/4.2/psoc creator/import/gnu/arm/5.4.1/bin/../lib/gcc/arm-none-eabi/5.4.1/../../../../arm-none-eabi/lib/armv7-m\libg_nano.a(lib_a-memmove.o)
                0x000045d8                memmove
 .text.__malloc_lock
                0x0000460e        0x2 c:/program files (x86)/cypress/psoc creator/4.2/psoc creator/import/gnu/arm/5.4.1/bin/../lib/gcc/arm-none-eabi/5.4.1/../../../../arm-none-eabi/lib/armv7-m\libg_nano.a(lib_a-mlock.o)
                0x0000460e                __malloc_lock
 .text.__malloc_unlock
                0x00004610        0x2 c:/program files (x86)/cypress/psoc creator/4.2/psoc creator/import/gnu/arm/5.4.1/bin/../lib/gcc/arm-none-eabi/5.4.1/../../../../arm-none-eabi/lib/armv7-m\libg_nano.a(lib_a-mlock.o)
                0x00004610                __malloc_unlock
 .text._malloc_usable_size_r
                0x00004612       0x14 c:/program files (x86)/cypress/psoc creator/4.2/psoc creator/import/gnu/arm/5.4.1/bin/../lib/gcc/arm-none-eabi/5.4.1/../../../../arm-none-eabi/lib/armv7-m\libg_nano.a(lib_a-nano-msizer.o)
                0x00004612                _malloc_usable_size_r
 *fill*         0x00004626        0x2 
 .text._read_r  0x00004628       0x24 c:/program files (x86)/cypress/psoc creator/4.2/psoc creator/import/gnu/arm/5.4.1/bin/../lib/gcc/arm-none-eabi/5.4.1/../../../../arm-none-eabi/lib/armv7-m\libg_nano.a(lib_a-readr.o)
                0x00004628                _read_r
 .text._fstat_r
                0x0000464c       0x24 c:/program files (x86)/cypress/psoc creator/4.2/psoc creator/import/gnu/arm/5.4.1/bin/../lib/gcc/arm-none-eabi/5.4.1/../../../../arm-none-eabi/lib/armv7-m\libg_nano.a(lib_a-fstatr.o)
                0x0000464c                _fstat_r
 .text._isatty_r
                0x00004670       0x20 c:/program files (x86)/cypress/psoc creator/4.2/psoc creator/import/gnu/arm/5.4.1/bin/../lib/gcc/arm-none-eabi/5.4.1/../../../../arm-none-eabi/lib/armv7-m\libg_nano.a(lib_a-isattyr.o)
                0x00004670                _isatty_r
 .text          0x00004690      0x424 c:/program files (x86)/cypress/psoc creator/4.2/psoc creator/import/gnu/arm/5.4.1/bin/../lib/gcc/arm-none-eabi/5.4.1/armv7-m\libgcc.a(_arm_muldivdf3.o)
                0x00004690                __aeabi_dmul
                0x00004690                __muldf3
                0x000048e4                __divdf3
                0x000048e4                __aeabi_ddiv
 .text          0x00004ab4      0x110 c:/program files (x86)/cypress/psoc creator/4.2/psoc creator/import/gnu/arm/5.4.1/bin/../lib/gcc/arm-none-eabi/5.4.1/armv7-m\libgcc.a(_arm_cmpdf2.o)
                0x00004ab4                __gtdf2
                0x00004ab4                __gedf2
                0x00004abc                __ltdf2
                0x00004abc                __ledf2
                0x00004ac4                __nedf2
                0x00004ac4                __eqdf2
                0x00004ac4                __cmpdf2
                0x00004b40                __aeabi_cdrcmple
                0x00004b50                __aeabi_cdcmpeq
                0x00004b50                __aeabi_cdcmple
                0x00004b60                __aeabi_dcmpeq
                0x00004b74                __aeabi_dcmplt
                0x00004b88                __aeabi_dcmple
                0x00004b9c                __aeabi_dcmpge
                0x00004bb0                __aeabi_dcmpgt
 .text          0x00004bc4       0x2c c:/program files (x86)/cypress/psoc creator/4.2/psoc creator/import/gnu/arm/5.4.1/bin/../lib/gcc/arm-none-eabi/5.4.1/armv7-m\libgcc.a(_arm_unorddf2.o)
                0x00004bc4                __unorddf2
                0x00004bc4                __aeabi_dcmpun
 .text          0x00004bf0       0x50 c:/program files (x86)/cypress/psoc creator/4.2/psoc creator/import/gnu/arm/5.4.1/bin/../lib/gcc/arm-none-eabi/5.4.1/armv7-m\libgcc.a(_arm_fixdfsi.o)
                0x00004bf0                __aeabi_d2iz
                0x00004bf0                __fixdfsi
 .text._close   0x00004c40       0x10 c:/program files (x86)/cypress/psoc creator/4.2/psoc creator/import/gnu/arm/5.4.1/bin/../lib/gcc/arm-none-eabi/5.4.1/../../../../arm-none-eabi/lib/armv7-m\libnosys.a(close.o)
                0x00004c40                _close
 .text._fstat   0x00004c50       0x10 c:/program files (x86)/cypress/psoc creator/4.2/psoc creator/import/gnu/arm/5.4.1/bin/../lib/gcc/arm-none-eabi/5.4.1/../../../../arm-none-eabi/lib/armv7-m\libnosys.a(fstat.o)
                0x00004c50                _fstat
 .text._isatty  0x00004c60       0x10 c:/program files (x86)/cypress/psoc creator/4.2/psoc creator/import/gnu/arm/5.4.1/bin/../lib/gcc/arm-none-eabi/5.4.1/../../../../arm-none-eabi/lib/armv7-m\libnosys.a(isatty.o)
                0x00004c60                _isatty
 .text._lseek   0x00004c70       0x10 c:/program files (x86)/cypress/psoc creator/4.2/psoc creator/import/gnu/arm/5.4.1/bin/../lib/gcc/arm-none-eabi/5.4.1/../../../../arm-none-eabi/lib/armv7-m\libnosys.a(lseek.o)
                0x00004c70                _lseek
 .text._read    0x00004c80       0x10 c:/program files (x86)/cypress/psoc creator/4.2/psoc creator/import/gnu/arm/5.4.1/bin/../lib/gcc/arm-none-eabi/5.4.1/../../../../arm-none-eabi/lib/armv7-m\libnosys.a(read.o)
                0x00004c80                _read
 .text._write   0x00004c90       0x10 c:/program files (x86)/cypress/psoc creator/4.2/psoc creator/import/gnu/arm/5.4.1/bin/../lib/gcc/arm-none-eabi/5.4.1/../../../../arm-none-eabi/lib/armv7-m\libnosys.a(write.o)
                0x00004c90                _write
 *(.plt)
 *(.gnu.warning)
 *(.glue_7t)
 .glue_7t       0x00004ca0        0x0 linker stubs
 *(.glue_7)
 .glue_7        0x00004ca0        0x0 linker stubs
 *(.vfp11_veneer)
 .vfp11_veneer  0x00004ca0        0x0 linker stubs
 *(.bootloader)
 *(.ARM.extab* .gnu.linkonce.armextab.*)
 *(.gcc_except_table)

.v4_bx          0x00004ca0        0x0
 .v4_bx         0x00004ca0        0x0 linker stubs

.iplt           0x00004ca0        0x0
 .iplt          0x00004ca0        0x0 c:/program files (x86)/cypress/psoc creator/4.2/psoc creator/import/gnu/arm/5.4.1/bin/../lib/gcc/arm-none-eabi/5.4.1/armv7-m/crtbegin.o

.eh_frame_hdr
 *(.eh_frame_hdr)

.eh_frame       0x00004ca0        0x4
 *(.eh_frame)
 .eh_frame      0x00004ca0        0x0 c:/program files (x86)/cypress/psoc creator/4.2/psoc creator/import/gnu/arm/5.4.1/bin/../lib/gcc/arm-none-eabi/5.4.1/armv7-m/crtbegin.o
 .eh_frame      0x00004ca0        0x4 c:/program files (x86)/cypress/psoc creator/4.2/psoc creator/import/gnu/arm/5.4.1/bin/../lib/gcc/arm-none-eabi/5.4.1/armv7-m/crtend.o
                [!provide]                PROVIDE (__exidx_start, .)

.ARM.exidx
 *(.ARM.exidx* .gnu.linkonce.armexidx.*)
                0x00004ca4                __exidx_end = .

.rodata         0x00004ca8      0x2b0
 *(.rodata .rodata.* .gnu.linkonce.r.*)
 .rodata.str1.4
                0x00004ca8       0x78 .\CortexM3\ARM_GCC_541\Debug\main.o
                                 0x75 (size before relaxing)
 .rodata        0x00004d20       0x3a .\CortexM3\ARM_GCC_541\Debug\cyfitter_cfg.o
 .rodata.str1.1
                0x00004d5a        0x2 c:/program files (x86)/cypress/psoc creator/4.2/psoc creator/import/gnu/arm/5.4.1/bin/../lib/gcc/arm-none-eabi/5.4.1/../../../../arm-none-eabi/lib/armv7-m\libg_nano.a(lib_a-impure.o)
 .rodata._global_impure_ptr
                0x00004d5c        0x4 c:/program files (x86)/cypress/psoc creator/4.2/psoc creator/import/gnu/arm/5.4.1/bin/../lib/gcc/arm-none-eabi/5.4.1/../../../../arm-none-eabi/lib/armv7-m\libg_nano.a(lib_a-impure.o)
                0x00004d5c                _global_impure_ptr
 .rodata.str1.1
                0x00004d60       0x12 c:/program files (x86)/cypress/psoc creator/4.2/psoc creator/import/gnu/arm/5.4.1/bin/../lib/gcc/arm-none-eabi/5.4.1/../../../../arm-none-eabi/lib/armv7-m\libg_nano.a(lib_a-nano-vfprintf_float.o)
 .rodata.str1.1
                0x00004d72       0x22 c:/program files (x86)/cypress/psoc creator/4.2/psoc creator/import/gnu/arm/5.4.1/bin/../lib/gcc/arm-none-eabi/5.4.1/../../../../arm-none-eabi/lib/armv7-m\libg_nano.a(lib_a-nano-vfprintf_i.o)
 .rodata.str1.1
                0x00004d94        0xd c:/program files (x86)/cypress/psoc creator/4.2/psoc creator/import/gnu/arm/5.4.1/bin/../lib/gcc/arm-none-eabi/5.4.1/../../../../arm-none-eabi/lib/armv7-m\libg_nano.a(lib_a-dtoa.o)
                                  0xf (size before relaxing)
 *fill*         0x00004da1        0x3 
 .rodata.__sf_fake_stdin
                0x00004da4       0x20 c:/program files (x86)/cypress/psoc creator/4.2/psoc creator/import/gnu/arm/5.4.1/bin/../lib/gcc/arm-none-eabi/5.4.1/../../../../arm-none-eabi/lib/armv7-m\libg_nano.a(lib_a-findfp.o)
                0x00004da4                __sf_fake_stdin
 .rodata.__sf_fake_stdout
                0x00004dc4       0x20 c:/program files (x86)/cypress/psoc creator/4.2/psoc creator/import/gnu/arm/5.4.1/bin/../lib/gcc/arm-none-eabi/5.4.1/../../../../arm-none-eabi/lib/armv7-m\libg_nano.a(lib_a-findfp.o)
                0x00004dc4                __sf_fake_stdout
 .rodata.__sf_fake_stderr
                0x00004de4       0x20 c:/program files (x86)/cypress/psoc creator/4.2/psoc creator/import/gnu/arm/5.4.1/bin/../lib/gcc/arm-none-eabi/5.4.1/../../../../arm-none-eabi/lib/armv7-m\libg_nano.a(lib_a-findfp.o)
                0x00004de4                __sf_fake_stderr
 .rodata.str1.1
                0x00004e04        0x8 c:/program files (x86)/cypress/psoc creator/4.2/psoc creator/import/gnu/arm/5.4.1/bin/../lib/gcc/arm-none-eabi/5.4.1/../../../../arm-none-eabi/lib/armv7-m\libg_nano.a(lib_a-locale.o)
                                  0xb (size before relaxing)
 *fill*         0x00004e0c        0x4 
 .rodata.__mprec_tens
                0x00004e10       0xc8 c:/program files (x86)/cypress/psoc creator/4.2/psoc creator/import/gnu/arm/5.4.1/bin/../lib/gcc/arm-none-eabi/5.4.1/../../../../arm-none-eabi/lib/armv7-m\libg_nano.a(lib_a-mprec.o)
                0x00004e10                __mprec_tens
 .rodata.p05.5408
                0x00004ed8        0xc c:/program files (x86)/cypress/psoc creator/4.2/psoc creator/import/gnu/arm/5.4.1/bin/../lib/gcc/arm-none-eabi/5.4.1/../../../../arm-none-eabi/lib/armv7-m\libg_nano.a(lib_a-mprec.o)
 *fill*         0x00004ee4        0x4 
 .rodata.__mprec_bigtens
                0x00004ee8       0x28 c:/program files (x86)/cypress/psoc creator/4.2/psoc creator/import/gnu/arm/5.4.1/bin/../lib/gcc/arm-none-eabi/5.4.1/../../../../arm-none-eabi/lib/armv7-m\libg_nano.a(lib_a-mprec.o)
                0x00004ee8                __mprec_bigtens
 .rodata.str1.1
                0x00004f10       0x11 c:/program files (x86)/cypress/psoc creator/4.2/psoc creator/import/gnu/arm/5.4.1/bin/../lib/gcc/arm-none-eabi/5.4.1/../../../../arm-none-eabi/lib/armv7-m\libg_nano.a(lib_a-nano-svfprintf.o)
 .rodata.str1.1
                0x00004f21       0x11 c:/program files (x86)/cypress/psoc creator/4.2/psoc creator/import/gnu/arm/5.4.1/bin/../lib/gcc/arm-none-eabi/5.4.1/../../../../arm-none-eabi/lib/armv7-m\libg_nano.a(lib_a-nano-vfprintf.o)
                0x00004f34                . = ALIGN (0x4)
 *fill*         0x00004f21        0x3 
 *(.init)
 .init          0x00004f24        0x4 c:/program files (x86)/cypress/psoc creator/4.2/psoc creator/import/gnu/arm/5.4.1/bin/../lib/gcc/arm-none-eabi/5.4.1/armv7-m/crti.o
                0x00004f24                _init
 .init          0x00004f28        0x8 c:/program files (x86)/cypress/psoc creator/4.2/psoc creator/import/gnu/arm/5.4.1/bin/../lib/gcc/arm-none-eabi/5.4.1/armv7-m/crtn.o
                0x00004f30                . = ALIGN (0x4)
                0x00004f30                __preinit_array_start = .
 *(.preinit_array)
                0x00004f30                __preinit_array_end = .
                0x00004f30                . = ALIGN (0x4)
                0x00004f30                __init_array_start = .
 *(SORT(.init_array.*))
 *(.init_array)
 .init_array    0x00004f30        0x4 c:/program files (x86)/cypress/psoc creator/4.2/psoc creator/import/gnu/arm/5.4.1/bin/../lib/gcc/arm-none-eabi/5.4.1/armv7-m/crtbegin.o
 .init_array    0x00004f34        0x4 .\CortexM3\ARM_GCC_541\Debug\Cm3Start.o
                0x00004f38                __init_array_end = .
                0x00004f38                . = ALIGN (0x4)
 *(.fini)
 .fini          0x00004f38        0x4 c:/program files (x86)/cypress/psoc creator/4.2/psoc creator/import/gnu/arm/5.4.1/bin/../lib/gcc/arm-none-eabi/5.4.1/armv7-m/crti.o
                0x00004f38                _fini
 .fini          0x00004f3c        0x8 c:/program files (x86)/cypress/psoc creator/4.2/psoc creator/import/gnu/arm/5.4.1/bin/../lib/gcc/arm-none-eabi/5.4.1/armv7-m/crtn.o
                0x00004f44                . = ALIGN (0x4)
                0x00004f44                __fini_array_start = .
 *(.fini_array)
 .fini_array    0x00004f44        0x4 c:/program files (x86)/cypress/psoc creator/4.2/psoc creator/import/gnu/arm/5.4.1/bin/../lib/gcc/arm-none-eabi/5.4.1/armv7-m/crtbegin.o
 *(SORT(.fini_array.*))
                0x00004f48                __fini_array_end = .
                0x00004f48                . = ALIGN (0x4)
 *crtbegin.o(.ctors)
 *(EXCLUDE_FILE(*crtend.o) .ctors)
 *(SORT(.ctors.*))
 *crtend.o(.ctors)
                0x00004f48                . = ALIGN (0x4)
 *crtbegin.o(.dtors)
 *(EXCLUDE_FILE(*crtend.o) .dtors)
 *(SORT(.dtors.*))
 *crtend.o(.dtors)
                0x00004f48                . = ALIGN (0x4)
                0x00004f48                __cy_regions = .
                0x00004f48        0x4 LONG 0x4f58 __cy_region_init_ram
                0x00004f4c        0x4 LONG 0x1fff80c8 __cy_region_start_data
                0x00004f50        0x4 LONG 0xb8 __cy_region_init_size_ram
                0x00004f54        0x4 LONG 0x1e8 __cy_region_zero_size_ram
                0x00004f58                __cy_regions_end = .
                0x00004f58                . = ALIGN (0x8)
                0x00004f58                _etext = .

.cy_checksum_exclude
                0x00004f58        0x0
 *(.cy_checksum_exclude)

.ramvectors     0x1fff8000       0xc0
                0x1fff8000                __cy_region_start_ram = .
 *(.ramvectors)
 .ramvectors    0x1fff8000       0xc0 .\CortexM3\ARM_GCC_541\Debug\Cm3Start.o
                0x1fff8000                CyRamVectors

.noinit         0x1fff80c0        0x1
 *(.noinit)
 .noinit        0x1fff80c0        0x1 .\CortexM3\ARM_GCC_541\Debug\Temperature-Control.a(CyLib.o)
                0x1fff80c0                CyResetStatus

.data           0x1fff80c8       0xb8 load address 0x00004f58
                0x1fff80c8                __cy_region_start_data = .
 *(.jcr)
 .jcr           0x1fff80c8        0x0 c:/program files (x86)/cypress/psoc creator/4.2/psoc creator/import/gnu/arm/5.4.1/bin/../lib/gcc/arm-none-eabi/5.4.1/armv7-m/crtbegin.o
 .jcr           0x1fff80c8        0x4 c:/program files (x86)/cypress/psoc creator/4.2/psoc creator/import/gnu/arm/5.4.1/bin/../lib/gcc/arm-none-eabi/5.4.1/armv7-m/crtend.o
 *(.got.plt)
 *(.got)
 *(.shdata)
 *(.data .data.* .gnu.linkonce.d.*)
 .data          0x1fff80cc        0x4 .\CortexM3\ARM_GCC_541\Debug\main.o
 .data          0x1fff80d0        0x4 .\CortexM3\ARM_GCC_541\Debug\Cm3Start.o
 .data          0x1fff80d4       0x10 .\CortexM3\ARM_GCC_541\Debug\Temperature-Control.a(CyLib.o)
                0x1fff80d4                cydelay_32k_ms
                0x1fff80d8                cydelay_freq_khz
                0x1fff80dc                cydelay_freq_mhz
                0x1fff80e0                cydelay_freq_hz
 .data.impure_data
                0x1fff80e4       0x60 c:/program files (x86)/cypress/psoc creator/4.2/psoc creator/import/gnu/arm/5.4.1/bin/../lib/gcc/arm-none-eabi/5.4.1/../../../../arm-none-eabi/lib/armv7-m\libg_nano.a(lib_a-impure.o)
 .data._impure_ptr
                0x1fff8144        0x4 c:/program files (x86)/cypress/psoc creator/4.2/psoc creator/import/gnu/arm/5.4.1/bin/../lib/gcc/arm-none-eabi/5.4.1/../../../../arm-none-eabi/lib/armv7-m\libg_nano.a(lib_a-impure.o)
                0x1fff8144                _impure_ptr
 .data.lconv    0x1fff8148       0x38 c:/program files (x86)/cypress/psoc creator/4.2/psoc creator/import/gnu/arm/5.4.1/bin/../lib/gcc/arm-none-eabi/5.4.1/../../../../arm-none-eabi/lib/armv7-m\libg_nano.a(lib_a-locale.o)
                0x1fff8180                . = ALIGN (0x8)
 *(.ram)
                0x1fff8180                _edata = .

.igot.plt       0x1fff8180        0x0 load address 0x00005010
 .igot.plt      0x1fff8180        0x0 c:/program files (x86)/cypress/psoc creator/4.2/psoc creator/import/gnu/arm/5.4.1/bin/../lib/gcc/arm-none-eabi/5.4.1/armv7-m/crtbegin.o

.bss            0x1fff8180      0x1e8 load address 0x00005010
                0x1fff8180                PROVIDE (__bss_start__, .)
 *(.shbss)
 *(.bss .bss.* .gnu.linkonce.b.*)
 .bss           0x1fff8180       0x1c c:/program files (x86)/cypress/psoc creator/4.2/psoc creator/import/gnu/arm/5.4.1/bin/../lib/gcc/arm-none-eabi/5.4.1/armv7-m/crtbegin.o
 .bss           0x1fff819c      0x104 .\CortexM3\ARM_GCC_541\Debug\main.o
                0x1fff819c                addr
 .bss           0x1fff82a0       0x24 .\CortexM3\ARM_GCC_541\Debug\PIDControl.o
 .bss           0x1fff82c4        0x1 .\CortexM3\ARM_GCC_541\Debug\Temperature-Control.a(PWM_Power.o)
                0x1fff82c4                PWM_Power_initVar
 .bss           0x1fff82c5        0x2 .\CortexM3\ARM_GCC_541\Debug\Temperature-Control.a(UART_1.o)
                0x1fff82c5                UART_1_initVar
 .bss           0x1fff82c7        0x1 .\CortexM3\ARM_GCC_541\Debug\Temperature-Control.a(I2C.o)
                0x1fff82c7                I2C_initVar
 .bss.__malloc_sbrk_start
                0x1fff82c8        0x4 c:/program files (x86)/cypress/psoc creator/4.2/psoc creator/import/gnu/arm/5.4.1/bin/../lib/gcc/arm-none-eabi/5.4.1/../../../../arm-none-eabi/lib/armv7-m\libg_nano.a(lib_a-nano-mallocr.o)
                0x1fff82c8                __malloc_sbrk_start
 .bss.__malloc_free_list
                0x1fff82cc        0x4 c:/program files (x86)/cypress/psoc creator/4.2/psoc creator/import/gnu/arm/5.4.1/bin/../lib/gcc/arm-none-eabi/5.4.1/../../../../arm-none-eabi/lib/armv7-m\libg_nano.a(lib_a-nano-mallocr.o)
                0x1fff82cc                __malloc_free_list
 *(COMMON)
 COMMON         0x1fff82d0       0x80 .\CortexM3\ARM_GCC_541\Debug\main.o
                0x1fff82d0                str
                0x1fff82d0                responseData
 COMMON         0x1fff8350        0x1 .\CortexM3\ARM_GCC_541\Debug\Temperature-Control.a(I2C.o)
                0x1fff8350                I2C_state
 *fill*         0x1fff8351        0x3 
 COMMON         0x1fff8354       0x10 .\CortexM3\ARM_GCC_541\Debug\Temperature-Control.a(I2C_MASTER.o)
                0x1fff8354                I2C_mstrWrBufIndex
                0x1fff8355                I2C_mstrWrBufSize
                0x1fff8356                I2C_mstrStatus
                0x1fff8358                I2C_mstrRdBufPtr
                0x1fff835c                I2C_mstrControl
                0x1fff835d                I2C_mstrRdBufSize
                0x1fff835e                I2C_mstrRdBufIndex
                0x1fff8360                I2C_mstrWrBufPtr
 COMMON         0x1fff8364        0x4 c:/program files (x86)/cypress/psoc creator/4.2/psoc creator/import/gnu/arm/5.4.1/bin/../lib/gcc/arm-none-eabi/5.4.1/../../../../arm-none-eabi/lib/armv7-m\libg_nano.a(lib_a-reent.o)
                0x1fff8364                errno
                0x1fff8368                . = ALIGN (0x8)
 *(.ram.b)
                0x1fff8368                _end = .
                0x1fff8368                __end = .
                0x1fff8368                PROVIDE (end, .)
                0x1fff8368                PROVIDE (__bss_end__, .)
                0x00004f58                __cy_region_init_ram = LOADADDR (.data)
                0x000000b8                __cy_region_init_size_ram = (_edata - ADDR (.data))
                0x000001e8                __cy_region_zero_size_ram = (_end - _edata)

.heap           0x1fff8368      0x200 load address 0x00005010
                0x1fff8368                . = _end
                0x1fff8568                . = (. + 0x200)
 *fill*         0x1fff8368      0x200 
                0x1fff8568                __cy_heap_limit = .

.stack          0x20007800      0x800
                0x20007800                __cy_stack_limit = .
                0x20008000                . = (. + 0x800)
 *fill*         0x20007800      0x800 
                0x00000001                ASSERT ((__cy_stack_limit >= __cy_heap_limit), region RAM overflowed with stack)
                0x00000000                cy_checksum_exclude_size = (CY_APPL_LOADABLE == 0x1)?SIZEOF (.cy_checksum_exclude):0x0
                0x00000001                ASSERT ((cy_checksum_exclude_size <= CY_CHECKSUM_EXCLUDE_SIZE), CY_BOOT: Section .cy_checksum_exclude size exceedes specified limit.)

.cyloadermeta
 *(.cyloadermeta)

.cyloadablemeta
 *(.cyloadablemeta)

.cyconfigecc    0x80000000      0x98c
 *(.cyconfigecc)
 .cyconfigecc   0x80000000      0x98c .\CortexM3\ARM_GCC_541\Debug\cymetadata.o
                0x80000000                cy_meta_configecc

.cycustnvl      0x90000000        0x4
 *(.cycustnvl)
 .cycustnvl     0x90000000        0x4 .\CortexM3\ARM_GCC_541\Debug\cymetadata.o
                0x90000000                cy_meta_custnvl

.cywolatch      0x90100000        0x4
 *(.cywolatch)
 .cywolatch     0x90100000        0x4 .\CortexM3\ARM_GCC_541\Debug\cymetadata.o
                0x90100000                cy_meta_wonvl

.cyeeprom       0x90200000        0x0
 *(.cyeeprom)
                0x00000001                ASSERT ((. <= ((0x90200000 + ee_offset) + ee_size)), .cyeeprom data will not fit in EEPROM)

.cyflashprotect
                0x90400000      0x100
 *(.cyflashprotect)
 .cyflashprotect
                0x90400000      0x100 .\CortexM3\ARM_GCC_541\Debug\cymetadata.o
                0x90400000                cy_meta_flashprotect

.cymeta         0x90500000        0xc
 *(.cymeta)
 .cymeta        0x90500000        0xc .\CortexM3\ARM_GCC_541\Debug\cymetadata.o
                0x90500000                cy_metadata

.rel.dyn        0x00005010        0x0 load address 0x9050000c
 .rel.iplt      0x00005010        0x0 c:/program files (x86)/cypress/psoc creator/4.2/psoc creator/import/gnu/arm/5.4.1/bin/../lib/gcc/arm-none-eabi/5.4.1/armv7-m/crtbegin.o

.stab           0x00000000       0x9c
 *(.stab)
 .stab          0x00000000       0x24 c:/program files (x86)/cypress/psoc creator/4.2/psoc creator/import/gnu/arm/5.4.1/bin/../lib/gcc/arm-none-eabi/5.4.1/../../../../arm-none-eabi/lib/armv7-m\libnosys.a(close.o)
 .stab          0x00000024       0x18 c:/program files (x86)/cypress/psoc creator/4.2/psoc creator/import/gnu/arm/5.4.1/bin/../lib/gcc/arm-none-eabi/5.4.1/../../../../arm-none-eabi/lib/armv7-m\libnosys.a(fstat.o)
                                 0x24 (size before relaxing)
 .stab          0x0000003c       0x18 c:/program files (x86)/cypress/psoc creator/4.2/psoc creator/import/gnu/arm/5.4.1/bin/../lib/gcc/arm-none-eabi/5.4.1/../../../../arm-none-eabi/lib/armv7-m\libnosys.a(isatty.o)
                                 0x24 (size before relaxing)
 .stab          0x00000054       0x18 c:/program files (x86)/cypress/psoc creator/4.2/psoc creator/import/gnu/arm/5.4.1/bin/../lib/gcc/arm-none-eabi/5.4.1/../../../../arm-none-eabi/lib/armv7-m\libnosys.a(lseek.o)
                                 0x24 (size before relaxing)
 .stab          0x0000006c       0x18 c:/program files (x86)/cypress/psoc creator/4.2/psoc creator/import/gnu/arm/5.4.1/bin/../lib/gcc/arm-none-eabi/5.4.1/../../../../arm-none-eabi/lib/armv7-m\libnosys.a(read.o)
                                 0x24 (size before relaxing)
 .stab          0x00000084       0x18 c:/program files (x86)/cypress/psoc creator/4.2/psoc creator/import/gnu/arm/5.4.1/bin/../lib/gcc/arm-none-eabi/5.4.1/../../../../arm-none-eabi/lib/armv7-m\libnosys.a(write.o)
                                 0x24 (size before relaxing)

.stabstr        0x00000000      0x14d
 *(.stabstr)
 .stabstr       0x00000000      0x14d c:/program files (x86)/cypress/psoc creator/4.2/psoc creator/import/gnu/arm/5.4.1/bin/../lib/gcc/arm-none-eabi/5.4.1/../../../../arm-none-eabi/lib/armv7-m\libnosys.a(close.o)

.debug
 *(.debug)

.line
 *(.line)

.debug_srcinfo
 *(.debug_srcinfo)

.debug_sfnames
 *(.debug_sfnames)

.debug_aranges  0x00000000      0x8d8
 *(.debug_aranges)
 .debug_aranges
                0x00000000       0x50 .\CortexM3\ARM_GCC_541\Debug\main.o
 .debug_aranges
                0x00000050       0x30 .\CortexM3\ARM_GCC_541\Debug\PIDControl.o
 .debug_aranges
                0x00000080       0x58 .\CortexM3\ARM_GCC_541\Debug\cyfitter_cfg.o
 .debug_aranges
                0x000000d8       0x18 .\CortexM3\ARM_GCC_541\Debug\cymetadata.o
 .debug_aranges
                0x000000f0       0x48 .\CortexM3\ARM_GCC_541\Debug\Cm3Start.o
 .debug_aranges
                0x00000138      0x2a0 .\CortexM3\ARM_GCC_541\Debug\Temperature-Control.a(CyLib.o)
 .debug_aranges
                0x000003d8       0x98 .\CortexM3\ARM_GCC_541\Debug\Temperature-Control.a(cyPm.o)
 .debug_aranges
                0x00000470       0x98 .\CortexM3\ARM_GCC_541\Debug\Temperature-Control.a(PWM_Power.o)
 .debug_aranges
                0x00000508       0xf0 .\CortexM3\ARM_GCC_541\Debug\Temperature-Control.a(UART_1.o)
 .debug_aranges
                0x000005f8       0x80 .\CortexM3\ARM_GCC_541\Debug\Temperature-Control.a(isr_uart_rx.o)
 .debug_aranges
                0x00000678       0x70 .\CortexM3\ARM_GCC_541\Debug\Temperature-Control.a(UART_1_IntClock.o)
 .debug_aranges
                0x000006e8       0x38 .\CortexM3\ARM_GCC_541\Debug\Temperature-Control.a(I2C.o)
 .debug_aranges
                0x00000720       0x20 .\CortexM3\ARM_GCC_541\Debug\Temperature-Control.a(I2C_INT.o)
 .debug_aranges
                0x00000740       0x80 .\CortexM3\ARM_GCC_541\Debug\Temperature-Control.a(I2C_MASTER.o)
 .debug_aranges
                0x000007c0       0x20 .\CortexM3\ARM_GCC_541\Debug\Temperature-Control.a(CyBootAsmGnu.o)
 .debug_aranges
                0x000007e0       0x80 .\CortexM3\ARM_GCC_541\Debug\Temperature-Control.a(CyFlash.o)
 .debug_aranges
                0x00000860       0x78 .\CortexM3\ARM_GCC_541\Debug\Temperature-Control.a(CySpc.o)

.debug_pubnames
 *(.debug_pubnames)

.debug_info     0x00000000     0x51e1
 *(.debug_info .gnu.linkonce.wi.*)
 .debug_info    0x00000000      0x6a9 .\CortexM3\ARM_GCC_541\Debug\main.o
 .debug_info    0x000006a9      0x1e7 .\CortexM3\ARM_GCC_541\Debug\PIDControl.o
 .debug_info    0x00000890      0x594 .\CortexM3\ARM_GCC_541\Debug\cyfitter_cfg.o
 .debug_info    0x00000e24      0x139 .\CortexM3\ARM_GCC_541\Debug\cymetadata.o
 .debug_info    0x00000f5d      0x3b5 .\CortexM3\ARM_GCC_541\Debug\Cm3Start.o
 .debug_info    0x00001312     0x1374 .\CortexM3\ARM_GCC_541\Debug\Temperature-Control.a(CyLib.o)
 .debug_info    0x00002686      0xa1d .\CortexM3\ARM_GCC_541\Debug\Temperature-Control.a(cyPm.o)
 .debug_info    0x000030a3      0x334 .\CortexM3\ARM_GCC_541\Debug\Temperature-Control.a(PWM_Power.o)
 .debug_info    0x000033d7      0x60c .\CortexM3\ARM_GCC_541\Debug\Temperature-Control.a(UART_1.o)
 .debug_info    0x000039e3      0x2d2 .\CortexM3\ARM_GCC_541\Debug\Temperature-Control.a(isr_uart_rx.o)
 .debug_info    0x00003cb5      0x283 .\CortexM3\ARM_GCC_541\Debug\Temperature-Control.a(UART_1_IntClock.o)
 .debug_info    0x00003f38      0x1e2 .\CortexM3\ARM_GCC_541\Debug\Temperature-Control.a(I2C.o)
 .debug_info    0x0000411a      0x184 .\CortexM3\ARM_GCC_541\Debug\Temperature-Control.a(I2C_INT.o)
 .debug_info    0x0000429e      0x407 .\CortexM3\ARM_GCC_541\Debug\Temperature-Control.a(I2C_MASTER.o)
 .debug_info    0x000046a5       0x9b .\CortexM3\ARM_GCC_541\Debug\Temperature-Control.a(CyBootAsmGnu.o)
 .debug_info    0x00004740      0x5b8 .\CortexM3\ARM_GCC_541\Debug\Temperature-Control.a(CyFlash.o)
 .debug_info    0x00004cf8      0x4e9 .\CortexM3\ARM_GCC_541\Debug\Temperature-Control.a(CySpc.o)

.debug_abbrev   0x00000000     0x165d
 *(.debug_abbrev)
 .debug_abbrev  0x00000000      0x1c4 .\CortexM3\ARM_GCC_541\Debug\main.o
 .debug_abbrev  0x000001c4       0xc7 .\CortexM3\ARM_GCC_541\Debug\PIDControl.o
 .debug_abbrev  0x0000028b      0x20d .\CortexM3\ARM_GCC_541\Debug\cyfitter_cfg.o
 .debug_abbrev  0x00000498       0x77 .\CortexM3\ARM_GCC_541\Debug\cymetadata.o
 .debug_abbrev  0x0000050f      0x1e8 .\CortexM3\ARM_GCC_541\Debug\Cm3Start.o
 .debug_abbrev  0x000006f7      0x254 .\CortexM3\ARM_GCC_541\Debug\Temperature-Control.a(CyLib.o)
 .debug_abbrev  0x0000094b      0x1ab .\CortexM3\ARM_GCC_541\Debug\Temperature-Control.a(cyPm.o)
 .debug_abbrev  0x00000af6      0x133 .\CortexM3\ARM_GCC_541\Debug\Temperature-Control.a(PWM_Power.o)
 .debug_abbrev  0x00000c29      0x175 .\CortexM3\ARM_GCC_541\Debug\Temperature-Control.a(UART_1.o)
 .debug_abbrev  0x00000d9e      0x173 .\CortexM3\ARM_GCC_541\Debug\Temperature-Control.a(isr_uart_rx.o)
 .debug_abbrev  0x00000f11      0x139 .\CortexM3\ARM_GCC_541\Debug\Temperature-Control.a(UART_1_IntClock.o)
 .debug_abbrev  0x0000104a       0xe1 .\CortexM3\ARM_GCC_541\Debug\Temperature-Control.a(I2C.o)
 .debug_abbrev  0x0000112b       0xb6 .\CortexM3\ARM_GCC_541\Debug\Temperature-Control.a(I2C_INT.o)
 .debug_abbrev  0x000011e1      0x13c .\CortexM3\ARM_GCC_541\Debug\Temperature-Control.a(I2C_MASTER.o)
 .debug_abbrev  0x0000131d       0x14 .\CortexM3\ARM_GCC_541\Debug\Temperature-Control.a(CyBootAsmGnu.o)
 .debug_abbrev  0x00001331      0x198 .\CortexM3\ARM_GCC_541\Debug\Temperature-Control.a(CyFlash.o)
 .debug_abbrev  0x000014c9      0x194 .\CortexM3\ARM_GCC_541\Debug\Temperature-Control.a(CySpc.o)

.debug_line     0x00000000     0x23aa
 *(.debug_line)
 .debug_line    0x00000000      0x2b8 .\CortexM3\ARM_GCC_541\Debug\main.o
 .debug_line    0x000002b8       0x7c .\CortexM3\ARM_GCC_541\Debug\PIDControl.o
 .debug_line    0x00000334      0x1f7 .\CortexM3\ARM_GCC_541\Debug\cyfitter_cfg.o
 .debug_line    0x0000052b      0x141 .\CortexM3\ARM_GCC_541\Debug\cymetadata.o
 .debug_line    0x0000066c      0x234 .\CortexM3\ARM_GCC_541\Debug\Cm3Start.o
 .debug_line    0x000008a0      0x816 .\CortexM3\ARM_GCC_541\Debug\Temperature-Control.a(CyLib.o)
 .debug_line    0x000010b6      0x364 .\CortexM3\ARM_GCC_541\Debug\Temperature-Control.a(cyPm.o)
 .debug_line    0x0000141a      0x189 .\CortexM3\ARM_GCC_541\Debug\Temperature-Control.a(PWM_Power.o)
 .debug_line    0x000015a3      0x2c0 .\CortexM3\ARM_GCC_541\Debug\Temperature-Control.a(UART_1.o)
 .debug_line    0x00001863      0x138 .\CortexM3\ARM_GCC_541\Debug\Temperature-Control.a(isr_uart_rx.o)
 .debug_line    0x0000199b      0x17e .\CortexM3\ARM_GCC_541\Debug\Temperature-Control.a(UART_1_IntClock.o)
 .debug_line    0x00001b19       0xc9 .\CortexM3\ARM_GCC_541\Debug\Temperature-Control.a(I2C.o)
 .debug_line    0x00001be2      0x116 .\CortexM3\ARM_GCC_541\Debug\Temperature-Control.a(I2C_INT.o)
 .debug_line    0x00001cf8      0x227 .\CortexM3\ARM_GCC_541\Debug\Temperature-Control.a(I2C_MASTER.o)
 .debug_line    0x00001f1f       0x66 .\CortexM3\ARM_GCC_541\Debug\Temperature-Control.a(CyBootAsmGnu.o)
 .debug_line    0x00001f85      0x1e9 .\CortexM3\ARM_GCC_541\Debug\Temperature-Control.a(CyFlash.o)
 .debug_line    0x0000216e      0x23c .\CortexM3\ARM_GCC_541\Debug\Temperature-Control.a(CySpc.o)

.debug_frame    0x00000000     0x2670
 *(.debug_frame)
 .debug_frame   0x00000000       0xe8 .\CortexM3\ARM_GCC_541\Debug\main.o
 .debug_frame   0x000000e8       0x74 .\CortexM3\ARM_GCC_541\Debug\PIDControl.o
 .debug_frame   0x0000015c       0xe4 .\CortexM3\ARM_GCC_541\Debug\cyfitter_cfg.o
 .debug_frame   0x00000240       0xb8 .\CortexM3\ARM_GCC_541\Debug\Cm3Start.o
 .debug_frame   0x000002f8      0x738 .\CortexM3\ARM_GCC_541\Debug\Temperature-Control.a(CyLib.o)
 .debug_frame   0x00000a30      0x1f8 .\CortexM3\ARM_GCC_541\Debug\Temperature-Control.a(cyPm.o)
 .debug_frame   0x00000c28      0x134 .\CortexM3\ARM_GCC_541\Debug\Temperature-Control.a(PWM_Power.o)
 .debug_frame   0x00000d5c      0x250 .\CortexM3\ARM_GCC_541\Debug\Temperature-Control.a(UART_1.o)
 .debug_frame   0x00000fac      0x104 .\CortexM3\ARM_GCC_541\Debug\Temperature-Control.a(isr_uart_rx.o)
 .debug_frame   0x000010b0       0xe0 .\CortexM3\ARM_GCC_541\Debug\Temperature-Control.a(UART_1_IntClock.o)
 .debug_frame   0x00001190       0x6c .\CortexM3\ARM_GCC_541\Debug\Temperature-Control.a(I2C.o)
 .debug_frame   0x000011fc       0x30 .\CortexM3\ARM_GCC_541\Debug\Temperature-Control.a(I2C_INT.o)
 .debug_frame   0x0000122c      0x138 .\CortexM3\ARM_GCC_541\Debug\Temperature-Control.a(I2C_MASTER.o)
 .debug_frame   0x00001364      0x174 .\CortexM3\ARM_GCC_541\Debug\Temperature-Control.a(CyFlash.o)
 .debug_frame   0x000014d8      0x160 .\CortexM3\ARM_GCC_541\Debug\Temperature-Control.a(CySpc.o)
 .debug_frame   0x00001638       0xd0 c:/program files (x86)/cypress/psoc creator/4.2/psoc creator/import/gnu/arm/5.4.1/bin/../lib/gcc/arm-none-eabi/5.4.1/../../../../arm-none-eabi/lib/armv7-m\libg_nano.a(lib_a-efgcvt.o)
 .debug_frame   0x00001708       0x20 c:/program files (x86)/cypress/psoc creator/4.2/psoc creator/import/gnu/arm/5.4.1/bin/../lib/gcc/arm-none-eabi/5.4.1/../../../../arm-none-eabi/lib/armv7-m\libg_nano.a(lib_a-errno.o)
 .debug_frame   0x00001728       0x28 c:/program files (x86)/cypress/psoc creator/4.2/psoc creator/import/gnu/arm/5.4.1/bin/../lib/gcc/arm-none-eabi/5.4.1/../../../../arm-none-eabi/lib/armv7-m\libg_nano.a(lib_a-exit.o)
 .debug_frame   0x00001750       0x2c c:/program files (x86)/cypress/psoc creator/4.2/psoc creator/import/gnu/arm/5.4.1/bin/../lib/gcc/arm-none-eabi/5.4.1/../../../../arm-none-eabi/lib/armv7-m\libg_nano.a(lib_a-init.o)
 .debug_frame   0x0000177c       0x28 c:/program files (x86)/cypress/psoc creator/4.2/psoc creator/import/gnu/arm/5.4.1/bin/../lib/gcc/arm-none-eabi/5.4.1/../../../../arm-none-eabi/lib/armv7-m\libg_nano.a(lib_a-memcpy-stub.o)
 .debug_frame   0x000017a4       0x20 c:/program files (x86)/cypress/psoc creator/4.2/psoc creator/import/gnu/arm/5.4.1/bin/../lib/gcc/arm-none-eabi/5.4.1/../../../../arm-none-eabi/lib/armv7-m\libg_nano.a(lib_a-memset.o)
 .debug_frame   0x000017c4       0x8c c:/program files (x86)/cypress/psoc creator/4.2/psoc creator/import/gnu/arm/5.4.1/bin/../lib/gcc/arm-none-eabi/5.4.1/../../../../arm-none-eabi/lib/armv7-m\libg_nano.a(lib_a-nano-vfprintf_float.o)
 .debug_frame   0x00001850       0x60 c:/program files (x86)/cypress/psoc creator/4.2/psoc creator/import/gnu/arm/5.4.1/bin/../lib/gcc/arm-none-eabi/5.4.1/../../../../arm-none-eabi/lib/armv7-m\libg_nano.a(lib_a-nano-vfprintf_i.o)
 .debug_frame   0x000018b0       0x74 c:/program files (x86)/cypress/psoc creator/4.2/psoc creator/import/gnu/arm/5.4.1/bin/../lib/gcc/arm-none-eabi/5.4.1/../../../../arm-none-eabi/lib/armv7-m\libg_nano.a(lib_a-printf.o)
 .debug_frame   0x00001924       0x74 c:/program files (x86)/cypress/psoc creator/4.2/psoc creator/import/gnu/arm/5.4.1/bin/../lib/gcc/arm-none-eabi/5.4.1/../../../../arm-none-eabi/lib/armv7-m\libg_nano.a(lib_a-snprintf.o)
 .debug_frame   0x00001998       0x6c c:/program files (x86)/cypress/psoc creator/4.2/psoc creator/import/gnu/arm/5.4.1/bin/../lib/gcc/arm-none-eabi/5.4.1/../../../../arm-none-eabi/lib/armv7-m\libg_nano.a(lib_a-dtoa.o)
 .debug_frame   0x00001a04       0xdc c:/program files (x86)/cypress/psoc creator/4.2/psoc creator/import/gnu/arm/5.4.1/bin/../lib/gcc/arm-none-eabi/5.4.1/../../../../arm-none-eabi/lib/armv7-m\libg_nano.a(lib_a-ecvtbuf.o)
 .debug_frame   0x00001ae0      0x11c c:/program files (x86)/cypress/psoc creator/4.2/psoc creator/import/gnu/arm/5.4.1/bin/../lib/gcc/arm-none-eabi/5.4.1/../../../../arm-none-eabi/lib/armv7-m\libg_nano.a(lib_a-findfp.o)
 .debug_frame   0x00001bfc       0x54 c:/program files (x86)/cypress/psoc creator/4.2/psoc creator/import/gnu/arm/5.4.1/bin/../lib/gcc/arm-none-eabi/5.4.1/../../../../arm-none-eabi/lib/armv7-m\libg_nano.a(lib_a-fwalk.o)
 .debug_frame   0x00001c50       0x98 c:/program files (x86)/cypress/psoc creator/4.2/psoc creator/import/gnu/arm/5.4.1/bin/../lib/gcc/arm-none-eabi/5.4.1/../../../../arm-none-eabi/lib/armv7-m\libg_nano.a(lib_a-locale.o)
 .debug_frame   0x00001ce8       0x30 c:/program files (x86)/cypress/psoc creator/4.2/psoc creator/import/gnu/arm/5.4.1/bin/../lib/gcc/arm-none-eabi/5.4.1/../../../../arm-none-eabi/lib/armv7-m\libg_nano.a(lib_a-malloc.o)
 .debug_frame   0x00001d18       0x28 c:/program files (x86)/cypress/psoc creator/4.2/psoc creator/import/gnu/arm/5.4.1/bin/../lib/gcc/arm-none-eabi/5.4.1/../../../../arm-none-eabi/lib/armv7-m\libg_nano.a(lib_a-memchr-stub.o)
 .debug_frame   0x00001d40      0x234 c:/program files (x86)/cypress/psoc creator/4.2/psoc creator/import/gnu/arm/5.4.1/bin/../lib/gcc/arm-none-eabi/5.4.1/../../../../arm-none-eabi/lib/armv7-m\libg_nano.a(lib_a-mprec.o)
 .debug_frame   0x00001f74       0x2c c:/program files (x86)/cypress/psoc creator/4.2/psoc creator/import/gnu/arm/5.4.1/bin/../lib/gcc/arm-none-eabi/5.4.1/../../../../arm-none-eabi/lib/armv7-m\libg_nano.a(lib_a-nano-callocr.o)
 .debug_frame   0x00001fa0       0x38 c:/program files (x86)/cypress/psoc creator/4.2/psoc creator/import/gnu/arm/5.4.1/bin/../lib/gcc/arm-none-eabi/5.4.1/../../../../arm-none-eabi/lib/armv7-m\libg_nano.a(lib_a-nano-freer.o)
 .debug_frame   0x00001fd8       0x2c c:/program files (x86)/cypress/psoc creator/4.2/psoc creator/import/gnu/arm/5.4.1/bin/../lib/gcc/arm-none-eabi/5.4.1/../../../../arm-none-eabi/lib/armv7-m\libg_nano.a(lib_a-nano-mallocr.o)
 .debug_frame   0x00002004       0x3c c:/program files (x86)/cypress/psoc creator/4.2/psoc creator/import/gnu/arm/5.4.1/bin/../lib/gcc/arm-none-eabi/5.4.1/../../../../arm-none-eabi/lib/armv7-m\libg_nano.a(lib_a-nano-reallocr.o)
 .debug_frame   0x00002040       0x90 c:/program files (x86)/cypress/psoc creator/4.2/psoc creator/import/gnu/arm/5.4.1/bin/../lib/gcc/arm-none-eabi/5.4.1/../../../../arm-none-eabi/lib/armv7-m\libg_nano.a(lib_a-nano-svfprintf.o)
 .debug_frame   0x000020d0       0xac c:/program files (x86)/cypress/psoc creator/4.2/psoc creator/import/gnu/arm/5.4.1/bin/../lib/gcc/arm-none-eabi/5.4.1/../../../../arm-none-eabi/lib/armv7-m\libg_nano.a(lib_a-nano-vfprintf.o)
 .debug_frame   0x0000217c       0x2c c:/program files (x86)/cypress/psoc creator/4.2/psoc creator/import/gnu/arm/5.4.1/bin/../lib/gcc/arm-none-eabi/5.4.1/../../../../arm-none-eabi/lib/armv7-m\libg_nano.a(lib_a-sbrkr.o)
 .debug_frame   0x000021a8       0x88 c:/program files (x86)/cypress/psoc creator/4.2/psoc creator/import/gnu/arm/5.4.1/bin/../lib/gcc/arm-none-eabi/5.4.1/../../../../arm-none-eabi/lib/armv7-m\libg_nano.a(lib_a-stdio.o)
 .debug_frame   0x00002230       0x20 c:/program files (x86)/cypress/psoc creator/4.2/psoc creator/import/gnu/arm/5.4.1/bin/../lib/gcc/arm-none-eabi/5.4.1/../../../../arm-none-eabi/lib/armv7-m\libg_nano.a(lib_a-strcmp.o)
 .debug_frame   0x00002250       0x20 c:/program files (x86)/cypress/psoc creator/4.2/psoc creator/import/gnu/arm/5.4.1/bin/../lib/gcc/arm-none-eabi/5.4.1/../../../../arm-none-eabi/lib/armv7-m\libg_nano.a(lib_a-strcpy.o)
 .debug_frame   0x00002270       0x40 c:/program files (x86)/cypress/psoc creator/4.2/psoc creator/import/gnu/arm/5.4.1/bin/../lib/gcc/arm-none-eabi/5.4.1/../../../../arm-none-eabi/lib/armv7-m\libg_nano.a(lib_a-wbuf.o)
 .debug_frame   0x000022b0       0x2c c:/program files (x86)/cypress/psoc creator/4.2/psoc creator/import/gnu/arm/5.4.1/bin/../lib/gcc/arm-none-eabi/5.4.1/../../../../arm-none-eabi/lib/armv7-m\libg_nano.a(lib_a-writer.o)
 .debug_frame   0x000022dc       0x2c c:/program files (x86)/cypress/psoc creator/4.2/psoc creator/import/gnu/arm/5.4.1/bin/../lib/gcc/arm-none-eabi/5.4.1/../../../../arm-none-eabi/lib/armv7-m\libg_nano.a(lib_a-wsetup.o)
 .debug_frame   0x00002308       0x2c c:/program files (x86)/cypress/psoc creator/4.2/psoc creator/import/gnu/arm/5.4.1/bin/../lib/gcc/arm-none-eabi/5.4.1/../../../../arm-none-eabi/lib/armv7-m\libg_nano.a(lib_a-closer.o)
 .debug_frame   0x00002334       0x68 c:/program files (x86)/cypress/psoc creator/4.2/psoc creator/import/gnu/arm/5.4.1/bin/../lib/gcc/arm-none-eabi/5.4.1/../../../../arm-none-eabi/lib/armv7-m\libg_nano.a(lib_a-fflush.o)
 .debug_frame   0x0000239c       0x3c c:/program files (x86)/cypress/psoc creator/4.2/psoc creator/import/gnu/arm/5.4.1/bin/../lib/gcc/arm-none-eabi/5.4.1/../../../../arm-none-eabi/lib/armv7-m\libg_nano.a(lib_a-fvwrite.o)
 .debug_frame   0x000023d8       0x2c c:/program files (x86)/cypress/psoc creator/4.2/psoc creator/import/gnu/arm/5.4.1/bin/../lib/gcc/arm-none-eabi/5.4.1/../../../../arm-none-eabi/lib/armv7-m\libg_nano.a(lib_a-lseekr.o)
 .debug_frame   0x00002404       0x54 c:/program files (x86)/cypress/psoc creator/4.2/psoc creator/import/gnu/arm/5.4.1/bin/../lib/gcc/arm-none-eabi/5.4.1/../../../../arm-none-eabi/lib/armv7-m\libg_nano.a(lib_a-makebuf.o)
 .debug_frame   0x00002458       0x28 c:/program files (x86)/cypress/psoc creator/4.2/psoc creator/import/gnu/arm/5.4.1/bin/../lib/gcc/arm-none-eabi/5.4.1/../../../../arm-none-eabi/lib/armv7-m\libg_nano.a(lib_a-memmove.o)
 .debug_frame   0x00002480       0x30 c:/program files (x86)/cypress/psoc creator/4.2/psoc creator/import/gnu/arm/5.4.1/bin/../lib/gcc/arm-none-eabi/5.4.1/../../../../arm-none-eabi/lib/armv7-m\libg_nano.a(lib_a-mlock.o)
 .debug_frame   0x000024b0       0x20 c:/program files (x86)/cypress/psoc creator/4.2/psoc creator/import/gnu/arm/5.4.1/bin/../lib/gcc/arm-none-eabi/5.4.1/../../../../arm-none-eabi/lib/armv7-m\libg_nano.a(lib_a-nano-msizer.o)
 .debug_frame   0x000024d0       0x2c c:/program files (x86)/cypress/psoc creator/4.2/psoc creator/import/gnu/arm/5.4.1/bin/../lib/gcc/arm-none-eabi/5.4.1/../../../../arm-none-eabi/lib/armv7-m\libg_nano.a(lib_a-readr.o)
 .debug_frame   0x000024fc       0x5c c:/program files (x86)/cypress/psoc creator/4.2/psoc creator/import/gnu/arm/5.4.1/bin/../lib/gcc/arm-none-eabi/5.4.1/../../../../arm-none-eabi/lib/armv7-m\libg_nano.a(lib_a-reent.o)
 .debug_frame   0x00002558       0x2c c:/program files (x86)/cypress/psoc creator/4.2/psoc creator/import/gnu/arm/5.4.1/bin/../lib/gcc/arm-none-eabi/5.4.1/../../../../arm-none-eabi/lib/armv7-m\libg_nano.a(lib_a-fstatr.o)
 .debug_frame   0x00002584       0x2c c:/program files (x86)/cypress/psoc creator/4.2/psoc creator/import/gnu/arm/5.4.1/bin/../lib/gcc/arm-none-eabi/5.4.1/../../../../arm-none-eabi/lib/armv7-m\libg_nano.a(lib_a-isattyr.o)
 .debug_frame   0x000025b0       0x20 c:/program files (x86)/cypress/psoc creator/4.2/psoc creator/import/gnu/arm/5.4.1/bin/../lib/gcc/arm-none-eabi/5.4.1/../../../../arm-none-eabi/lib/armv7-m\libnosys.a(close.o)
 .debug_frame   0x000025d0       0x20 c:/program files (x86)/cypress/psoc creator/4.2/psoc creator/import/gnu/arm/5.4.1/bin/../lib/gcc/arm-none-eabi/5.4.1/../../../../arm-none-eabi/lib/armv7-m\libnosys.a(fstat.o)
 .debug_frame   0x000025f0       0x20 c:/program files (x86)/cypress/psoc creator/4.2/psoc creator/import/gnu/arm/5.4.1/bin/../lib/gcc/arm-none-eabi/5.4.1/../../../../arm-none-eabi/lib/armv7-m\libnosys.a(isatty.o)
 .debug_frame   0x00002610       0x20 c:/program files (x86)/cypress/psoc creator/4.2/psoc creator/import/gnu/arm/5.4.1/bin/../lib/gcc/arm-none-eabi/5.4.1/../../../../arm-none-eabi/lib/armv7-m\libnosys.a(lseek.o)
 .debug_frame   0x00002630       0x20 c:/program files (x86)/cypress/psoc creator/4.2/psoc creator/import/gnu/arm/5.4.1/bin/../lib/gcc/arm-none-eabi/5.4.1/../../../../arm-none-eabi/lib/armv7-m\libnosys.a(read.o)
 .debug_frame   0x00002650       0x20 c:/program files (x86)/cypress/psoc creator/4.2/psoc creator/import/gnu/arm/5.4.1/bin/../lib/gcc/arm-none-eabi/5.4.1/../../../../arm-none-eabi/lib/armv7-m\libnosys.a(write.o)

.debug_str      0x00000000     0x1ea5
 *(.debug_str)
 .debug_str     0x00000000      0x3d8 .\CortexM3\ARM_GCC_541\Debug\main.o
                                0x465 (size before relaxing)
 .debug_str     0x000003d8       0x81 .\CortexM3\ARM_GCC_541\Debug\PIDControl.o
                                0x1ec (size before relaxing)
 .debug_str     0x00000459      0x1bc .\CortexM3\ARM_GCC_541\Debug\cyfitter_cfg.o
                                0x34f (size before relaxing)
 .debug_str     0x00000615       0x75 .\CortexM3\ARM_GCC_541\Debug\cymetadata.o
                                0x1ef (size before relaxing)
 .debug_str     0x0000068a      0x13f .\CortexM3\ARM_GCC_541\Debug\Cm3Start.o
                                0x315 (size before relaxing)
 .debug_str     0x000007c9      0x837 .\CortexM3\ARM_GCC_541\Debug\Temperature-Control.a(CyLib.o)
                                0xa52 (size before relaxing)
 .debug_str     0x00001000      0x359 .\CortexM3\ARM_GCC_541\Debug\Temperature-Control.a(cyPm.o)
                                0x732 (size before relaxing)
 .debug_str     0x00001359      0x1c3 .\CortexM3\ARM_GCC_541\Debug\Temperature-Control.a(PWM_Power.o)
                                0x3a8 (size before relaxing)
 .debug_str     0x0000151c      0x283 .\CortexM3\ARM_GCC_541\Debug\Temperature-Control.a(UART_1.o)
                                0x4be (size before relaxing)
 .debug_str     0x0000179f      0x126 .\CortexM3\ARM_GCC_541\Debug\Temperature-Control.a(isr_uart_rx.o)
                                0x305 (size before relaxing)
 .debug_str     0x000018c5      0x197 .\CortexM3\ARM_GCC_541\Debug\Temperature-Control.a(UART_1_IntClock.o)
                                0x359 (size before relaxing)
 .debug_str     0x00001a5c       0x85 .\CortexM3\ARM_GCC_541\Debug\Temperature-Control.a(I2C.o)
                                0x283 (size before relaxing)
 .debug_str     0x00001ae1       0x86 .\CortexM3\ARM_GCC_541\Debug\Temperature-Control.a(I2C_INT.o)
                                0x26a (size before relaxing)
 .debug_str     0x00001b67       0xf6 .\CortexM3\ARM_GCC_541\Debug\Temperature-Control.a(I2C_MASTER.o)
                                0x3af (size before relaxing)
 .debug_str     0x00001c5d      0x19c .\CortexM3\ARM_GCC_541\Debug\Temperature-Control.a(CyFlash.o)
                                0x3ac (size before relaxing)
 .debug_str     0x00001df9       0xac .\CortexM3\ARM_GCC_541\Debug\Temperature-Control.a(CySpc.o)
                                0x335 (size before relaxing)

.debug_loc      0x00000000     0x2527
 *(.debug_loc)
 .debug_loc     0x00000000      0x14d .\CortexM3\ARM_GCC_541\Debug\main.o
 .debug_loc     0x0000014d      0x1a2 .\CortexM3\ARM_GCC_541\Debug\PIDControl.o
 .debug_loc     0x000002ef      0x259 .\CortexM3\ARM_GCC_541\Debug\cyfitter_cfg.o
 .debug_loc     0x00000548      0x144 .\CortexM3\ARM_GCC_541\Debug\Cm3Start.o
 .debug_loc     0x0000068c      0xa11 .\CortexM3\ARM_GCC_541\Debug\Temperature-Control.a(CyLib.o)
 .debug_loc     0x0000109d      0x1e4 .\CortexM3\ARM_GCC_541\Debug\Temperature-Control.a(cyPm.o)
 .debug_loc     0x00001281       0x26 .\CortexM3\ARM_GCC_541\Debug\Temperature-Control.a(PWM_Power.o)
 .debug_loc     0x000012a7      0x258 .\CortexM3\ARM_GCC_541\Debug\Temperature-Control.a(UART_1.o)
 .debug_loc     0x000014ff       0x56 .\CortexM3\ARM_GCC_541\Debug\Temperature-Control.a(isr_uart_rx.o)
 .debug_loc     0x00001555      0x128 .\CortexM3\ARM_GCC_541\Debug\Temperature-Control.a(UART_1_IntClock.o)
 .debug_loc     0x0000167d       0x13 .\CortexM3\ARM_GCC_541\Debug\Temperature-Control.a(I2C.o)
 .debug_loc     0x00001690       0x29 .\CortexM3\ARM_GCC_541\Debug\Temperature-Control.a(I2C_INT.o)
 .debug_loc     0x000016b9      0x52f .\CortexM3\ARM_GCC_541\Debug\Temperature-Control.a(I2C_MASTER.o)
 .debug_loc     0x00001be8      0x2f2 .\CortexM3\ARM_GCC_541\Debug\Temperature-Control.a(CyFlash.o)
 .debug_loc     0x00001eda      0x64d .\CortexM3\ARM_GCC_541\Debug\Temperature-Control.a(CySpc.o)

.debug_macinfo
 *(.debug_macinfo)

.debug_ranges   0x00000000      0x7b0
 *(.debug_ranges)
 .debug_ranges  0x00000000       0x40 .\CortexM3\ARM_GCC_541\Debug\main.o
 .debug_ranges  0x00000040       0x20 .\CortexM3\ARM_GCC_541\Debug\PIDControl.o
 .debug_ranges  0x00000060       0x48 .\CortexM3\ARM_GCC_541\Debug\cyfitter_cfg.o
 .debug_ranges  0x000000a8       0x38 .\CortexM3\ARM_GCC_541\Debug\Cm3Start.o
 .debug_ranges  0x000000e0      0x290 .\CortexM3\ARM_GCC_541\Debug\Temperature-Control.a(CyLib.o)
 .debug_ranges  0x00000370       0x88 .\CortexM3\ARM_GCC_541\Debug\Temperature-Control.a(cyPm.o)
 .debug_ranges  0x000003f8       0x88 .\CortexM3\ARM_GCC_541\Debug\Temperature-Control.a(PWM_Power.o)
 .debug_ranges  0x00000480       0xe0 .\CortexM3\ARM_GCC_541\Debug\Temperature-Control.a(UART_1.o)
 .debug_ranges  0x00000560       0x70 .\CortexM3\ARM_GCC_541\Debug\Temperature-Control.a(isr_uart_rx.o)
 .debug_ranges  0x000005d0       0x60 .\CortexM3\ARM_GCC_541\Debug\Temperature-Control.a(UART_1_IntClock.o)
 .debug_ranges  0x00000630       0x28 .\CortexM3\ARM_GCC_541\Debug\Temperature-Control.a(I2C.o)
 .debug_ranges  0x00000658       0x10 .\CortexM3\ARM_GCC_541\Debug\Temperature-Control.a(I2C_INT.o)
 .debug_ranges  0x00000668       0x70 .\CortexM3\ARM_GCC_541\Debug\Temperature-Control.a(I2C_MASTER.o)
 .debug_ranges  0x000006d8       0x70 .\CortexM3\ARM_GCC_541\Debug\Temperature-Control.a(CyFlash.o)
 .debug_ranges  0x00000748       0x68 .\CortexM3\ARM_GCC_541\Debug\Temperature-Control.a(CySpc.o)

.comment        0x00000000       0x6e
 .comment       0x00000000       0x6e .\CortexM3\ARM_GCC_541\Debug\main.o
                                 0x6f (size before relaxing)
 .comment       0x0000006e       0x6f .\CortexM3\ARM_GCC_541\Debug\PIDControl.o
 .comment       0x0000006e       0x6f .\CortexM3\ARM_GCC_541\Debug\cyfitter_cfg.o
 .comment       0x0000006e       0x6f .\CortexM3\ARM_GCC_541\Debug\cymetadata.o
 .comment       0x0000006e       0x6f .\CortexM3\ARM_GCC_541\Debug\Cm3Start.o
 .comment       0x0000006e       0x6f .\CortexM3\ARM_GCC_541\Debug\Temperature-Control.a(CyLib.o)
 .comment       0x0000006e       0x6f .\CortexM3\ARM_GCC_541\Debug\Temperature-Control.a(cyPm.o)
 .comment       0x0000006e       0x6f .\CortexM3\ARM_GCC_541\Debug\Temperature-Control.a(PWM_Power.o)
 .comment       0x0000006e       0x6f .\CortexM3\ARM_GCC_541\Debug\Temperature-Control.a(UART_1.o)
 .comment       0x0000006e       0x6f .\CortexM3\ARM_GCC_541\Debug\Temperature-Control.a(isr_uart_rx.o)
 .comment       0x0000006e       0x6f .\CortexM3\ARM_GCC_541\Debug\Temperature-Control.a(UART_1_IntClock.o)
 .comment       0x0000006e       0x6f .\CortexM3\ARM_GCC_541\Debug\Temperature-Control.a(I2C.o)
 .comment       0x0000006e       0x6f .\CortexM3\ARM_GCC_541\Debug\Temperature-Control.a(I2C_INT.o)
 .comment       0x0000006e       0x6f .\CortexM3\ARM_GCC_541\Debug\Temperature-Control.a(I2C_MASTER.o)
 .comment       0x0000006e       0x6f .\CortexM3\ARM_GCC_541\Debug\Temperature-Control.a(CyFlash.o)
 .comment       0x0000006e       0x6f .\CortexM3\ARM_GCC_541\Debug\Temperature-Control.a(CySpc.o)

.debug_weaknames
 *(.debug_weaknames)

.debug_funcnames
 *(.debug_funcnames)

.debug_typenames
 *(.debug_typenames)

.debug_varnames
 *(.debug_varnames)

.note.gnu.arm.ident
 *(.note.gnu.arm.ident)

.ARM.attributes
                0x00000000       0x29
 *(.ARM.attributes)
 .ARM.attributes
                0x00000000       0x1d c:/program files (x86)/cypress/psoc creator/4.2/psoc creator/import/gnu/arm/5.4.1/bin/../lib/gcc/arm-none-eabi/5.4.1/armv7-m/crti.o
 .ARM.attributes
                0x0000001d       0x2d c:/program files (x86)/cypress/psoc creator/4.2/psoc creator/import/gnu/arm/5.4.1/bin/../lib/gcc/arm-none-eabi/5.4.1/armv7-m/crtbegin.o
 .ARM.attributes
                0x0000004a       0x1b c:/program files (x86)/cypress/psoc creator/4.2/psoc creator/import/gnu/arm/5.4.1/bin/../lib/gcc/arm-none-eabi/5.4.1/../../../../arm-none-eabi/lib/armv7-m/crt0.o
 .ARM.attributes
                0x00000065       0x33 .\CortexM3\ARM_GCC_541\Debug\main.o
 .ARM.attributes
                0x00000098       0x33 .\CortexM3\ARM_GCC_541\Debug\PIDControl.o
 .ARM.attributes
                0x000000cb       0x33 .\CortexM3\ARM_GCC_541\Debug\cyfitter_cfg.o
 .ARM.attributes
                0x000000fe       0x33 .\CortexM3\ARM_GCC_541\Debug\cymetadata.o
 .ARM.attributes
                0x00000131       0x33 .\CortexM3\ARM_GCC_541\Debug\Cm3Start.o
 .ARM.attributes
                0x00000164       0x33 .\CortexM3\ARM_GCC_541\Debug\Temperature-Control.a(CyLib.o)
 .ARM.attributes
                0x00000197       0x33 .\CortexM3\ARM_GCC_541\Debug\Temperature-Control.a(cyPm.o)
 .ARM.attributes
                0x000001ca       0x33 .\CortexM3\ARM_GCC_541\Debug\Temperature-Control.a(PWM_Power.o)
 .ARM.attributes
                0x000001fd       0x33 .\CortexM3\ARM_GCC_541\Debug\Temperature-Control.a(UART_1.o)
 .ARM.attributes
                0x00000230       0x33 .\CortexM3\ARM_GCC_541\Debug\Temperature-Control.a(isr_uart_rx.o)
 .ARM.attributes
                0x00000263       0x33 .\CortexM3\ARM_GCC_541\Debug\Temperature-Control.a(UART_1_IntClock.o)
 .ARM.attributes
                0x00000296       0x33 .\CortexM3\ARM_GCC_541\Debug\Temperature-Control.a(I2C.o)
 .ARM.attributes
                0x000002c9       0x33 .\CortexM3\ARM_GCC_541\Debug\Temperature-Control.a(I2C_INT.o)
 .ARM.attributes
                0x000002fc       0x33 .\CortexM3\ARM_GCC_541\Debug\Temperature-Control.a(I2C_MASTER.o)
 .ARM.attributes
                0x0000032f       0x21 .\CortexM3\ARM_GCC_541\Debug\Temperature-Control.a(CyBootAsmGnu.o)
 .ARM.attributes
                0x00000350       0x33 .\CortexM3\ARM_GCC_541\Debug\Temperature-Control.a(CyFlash.o)
 .ARM.attributes
                0x00000383       0x33 .\CortexM3\ARM_GCC_541\Debug\Temperature-Control.a(CySpc.o)
 .ARM.attributes
                0x000003b6       0x1d c:/program files (x86)/cypress/psoc creator/4.2/psoc creator/import/gnu/arm/5.4.1/bin/../lib/gcc/arm-none-eabi/5.4.1/armv7-m\libgcc.a(_arm_addsubdf3.o)
 .ARM.attributes
                0x000003d3       0x1d c:/program files (x86)/cypress/psoc creator/4.2/psoc creator/import/gnu/arm/5.4.1/bin/../lib/gcc/arm-none-eabi/5.4.1/armv7-m\libgcc.a(_arm_addsubsf3.o)
 .ARM.attributes
                0x000003f0       0x1d c:/program files (x86)/cypress/psoc creator/4.2/psoc creator/import/gnu/arm/5.4.1/bin/../lib/gcc/arm-none-eabi/5.4.1/armv7-m\libgcc.a(_arm_muldivsf3.o)
 .ARM.attributes
                0x0000040d       0x1d c:/program files (x86)/cypress/psoc creator/4.2/psoc creator/import/gnu/arm/5.4.1/bin/../lib/gcc/arm-none-eabi/5.4.1/armv7-m\libgcc.a(_arm_cmpsf2.o)
 .ARM.attributes
                0x0000042a       0x1d c:/program files (x86)/cypress/psoc creator/4.2/psoc creator/import/gnu/arm/5.4.1/bin/../lib/gcc/arm-none-eabi/5.4.1/armv7-m\libgcc.a(_arm_fixunssfsi.o)
 .ARM.attributes
                0x00000447       0x2d c:/program files (x86)/cypress/psoc creator/4.2/psoc creator/import/gnu/arm/5.4.1/bin/../lib/gcc/arm-none-eabi/5.4.1/../../../../arm-none-eabi/lib/armv7-m\libg_nano.a(lib_a-efgcvt.o)
 .ARM.attributes
                0x00000474       0x2d c:/program files (x86)/cypress/psoc creator/4.2/psoc creator/import/gnu/arm/5.4.1/bin/../lib/gcc/arm-none-eabi/5.4.1/../../../../arm-none-eabi/lib/armv7-m\libg_nano.a(lib_a-errno.o)
 .ARM.attributes
                0x000004a1       0x2d c:/program files (x86)/cypress/psoc creator/4.2/psoc creator/import/gnu/arm/5.4.1/bin/../lib/gcc/arm-none-eabi/5.4.1/../../../../arm-none-eabi/lib/armv7-m\libg_nano.a(lib_a-exit.o)
 .ARM.attributes
                0x000004ce       0x2d c:/program files (x86)/cypress/psoc creator/4.2/psoc creator/import/gnu/arm/5.4.1/bin/../lib/gcc/arm-none-eabi/5.4.1/../../../../arm-none-eabi/lib/armv7-m\libg_nano.a(lib_a-impure.o)
 .ARM.attributes
                0x000004fb       0x2d c:/program files (x86)/cypress/psoc creator/4.2/psoc creator/import/gnu/arm/5.4.1/bin/../lib/gcc/arm-none-eabi/5.4.1/../../../../arm-none-eabi/lib/armv7-m\libg_nano.a(lib_a-init.o)
 .ARM.attributes
                0x00000528       0x2d c:/program files (x86)/cypress/psoc creator/4.2/psoc creator/import/gnu/arm/5.4.1/bin/../lib/gcc/arm-none-eabi/5.4.1/../../../../arm-none-eabi/lib/armv7-m\libg_nano.a(lib_a-memcpy-stub.o)
 .ARM.attributes
                0x00000555       0x2d c:/program files (x86)/cypress/psoc creator/4.2/psoc creator/import/gnu/arm/5.4.1/bin/../lib/gcc/arm-none-eabi/5.4.1/../../../../arm-none-eabi/lib/armv7-m\libg_nano.a(lib_a-memset.o)
 .ARM.attributes
                0x00000582       0x2d c:/program files (x86)/cypress/psoc creator/4.2/psoc creator/import/gnu/arm/5.4.1/bin/../lib/gcc/arm-none-eabi/5.4.1/../../../../arm-none-eabi/lib/armv7-m\libg_nano.a(lib_a-nano-vfprintf_float.o)
 .ARM.attributes
                0x000005af       0x2d c:/program files (x86)/cypress/psoc creator/4.2/psoc creator/import/gnu/arm/5.4.1/bin/../lib/gcc/arm-none-eabi/5.4.1/../../../../arm-none-eabi/lib/armv7-m\libg_nano.a(lib_a-nano-vfprintf_i.o)
 .ARM.attributes